Component: ARM Compiler 5.06 update 7 (build 960) Tool: armlink [4d3601]

==============================================================================

Section Cross References

    epd_2in13g.o(i.EPD_2IN13G_Clear) refers to epd_2in13g.o(i.EPD_2IN13G_SendCommand) for EPD_2IN13G_SendCommand
    epd_2in13g.o(i.EPD_2IN13G_Clear) refers to epd_2in13g.o(i.EPD_2IN13G_SendData) for EPD_2IN13G_SendData
    epd_2in13g.o(i.EPD_2IN13G_Clear) refers to epd_2in13g.o(i.EPD_2IN13G_TurnOnDisplay) for EPD_2IN13G_TurnOnDisplay
    epd_2in13g.o(i.EPD_2IN13G_Clear) refers to epd_2in13g.o(.data) for Source_BITS
    epd_2in13g.o(i.EPD_2IN13G_Display) refers to epd_2in13g.o(i.EPD_2IN13G_SendCommand) for EPD_2IN13G_SendCommand
    epd_2in13g.o(i.EPD_2IN13G_Display) refers to epd_2in13g.o(i.EPD_2IN13G_SendData) for EPD_2IN13G_SendData
    epd_2in13g.o(i.EPD_2IN13G_Display) refers to epd_2in13g.o(i.EPD_2IN13G_TurnOnDisplay) for EPD_2IN13G_TurnOnDisplay
    epd_2in13g.o(i.EPD_2IN13G_Display) refers to epd_2in13g.o(.data) for Source_BITS
    epd_2in13g.o(i.EPD_2IN13G_Init) refers to epd_2in13g.o(i.EPD_2IN13G_Reset) for EPD_2IN13G_Reset
    epd_2in13g.o(i.EPD_2IN13G_Init) refers to epd_2in13g.o(i.EPD_2IN13G_ReadBusy) for EPD_2IN13G_ReadBusy
    epd_2in13g.o(i.EPD_2IN13G_Init) refers to epd_2in13g.o(i.EPD_2IN13G_SendCommand) for EPD_2IN13G_SendCommand
    epd_2in13g.o(i.EPD_2IN13G_Init) refers to epd_2in13g.o(i.EPD_2IN13G_SendData) for EPD_2IN13G_SendData
    epd_2in13g.o(i.EPD_2IN13G_Init) refers to epd_2in13g.o(i.EPD_2IN9_V2_SetWindows) for EPD_2IN9_V2_SetWindows
    epd_2in13g.o(i.EPD_2IN13G_ReadBusy) refers to noretval__2printf.o(.text) for __2printf
    epd_2in13g.o(i.EPD_2IN13G_ReadBusy) refers to stm32f4xx_hal.o(i.HAL_Delay) for HAL_Delay
    epd_2in13g.o(i.EPD_2IN13G_ReadBusy) refers to stm32f4xx_hal_gpio.o(i.HAL_GPIO_ReadPin) for HAL_GPIO_ReadPin
    epd_2in13g.o(i.EPD_2IN13G_Reset) refers to stm32f4xx_hal_gpio.o(i.HAL_GPIO_WritePin) for HAL_GPIO_WritePin
    epd_2in13g.o(i.EPD_2IN13G_Reset) refers to stm32f4xx_hal.o(i.HAL_Delay) for HAL_Delay
    epd_2in13g.o(i.EPD_2IN13G_SendCommand) refers to stm32f4xx_hal_gpio.o(i.HAL_GPIO_WritePin) for HAL_GPIO_WritePin
    epd_2in13g.o(i.EPD_2IN13G_SendCommand) refers to dev_config.o(i.DEV_SPI_WriteByte) for DEV_SPI_WriteByte
    epd_2in13g.o(i.EPD_2IN13G_SendData) refers to stm32f4xx_hal_gpio.o(i.HAL_GPIO_WritePin) for HAL_GPIO_WritePin
    epd_2in13g.o(i.EPD_2IN13G_SendData) refers to dev_config.o(i.DEV_SPI_WriteByte) for DEV_SPI_WriteByte
    epd_2in13g.o(i.EPD_2IN13G_Sleep) refers to epd_2in13g.o(i.EPD_2IN13G_SendCommand) for EPD_2IN13G_SendCommand
    epd_2in13g.o(i.EPD_2IN13G_Sleep) refers to epd_2in13g.o(i.EPD_2IN13G_ReadBusy) for EPD_2IN13G_ReadBusy
    epd_2in13g.o(i.EPD_2IN13G_Sleep) refers to stm32f4xx_hal.o(i.HAL_Delay) for HAL_Delay
    epd_2in13g.o(i.EPD_2IN13G_Sleep) refers to epd_2in13g.o(i.EPD_2IN13G_SendData) for EPD_2IN13G_SendData
    epd_2in13g.o(i.EPD_2IN13G_TurnOnDisplay) refers to epd_2in13g.o(i.EPD_2IN13G_SendCommand) for EPD_2IN13G_SendCommand
    epd_2in13g.o(i.EPD_2IN13G_TurnOnDisplay) refers to epd_2in13g.o(i.EPD_2IN13G_SendData) for EPD_2IN13G_SendData
    epd_2in13g.o(i.EPD_2IN13G_TurnOnDisplay) refers to epd_2in13g.o(i.EPD_2IN13G_ReadBusy) for EPD_2IN13G_ReadBusy
    epd_2in13g.o(i.EPD_2IN9_V2_SetWindows) refers to epd_2in13g.o(i.EPD_2IN13G_SendCommand) for EPD_2IN13G_SendCommand
    epd_2in13g.o(i.EPD_2IN9_V2_SetWindows) refers to epd_2in13g.o(i.EPD_2IN13G_SendData) for EPD_2IN13G_SendData
    epd_2in13g.o(i.EPD_2IN9_V2_SetWindows) refers to epd_2in13g.o(.data) for Source_BITS
    epd_2in13g_test.o(i.EPD_test) refers to dev_config.o(i.DEV_Module_Init) for DEV_Module_Init
    epd_2in13g_test.o(i.EPD_test) refers to epd_2in13g.o(i.EPD_2IN13G_Init) for EPD_2IN13G_Init
    epd_2in13g_test.o(i.EPD_test) refers to epd_2in13g.o(i.EPD_2IN13G_Clear) for EPD_2IN13G_Clear
    epd_2in13g_test.o(i.EPD_test) refers to stm32f4xx_hal.o(i.HAL_Delay) for HAL_Delay
    epd_2in13g_test.o(i.EPD_test) refers to h1_alloc.o(.text) for malloc
    epd_2in13g_test.o(i.EPD_test) refers to gui_paint.o(i.Paint_NewImage) for Paint_NewImage
    epd_2in13g_test.o(i.EPD_test) refers to gui_paint.o(i.Paint_SetScale) for Paint_SetScale
    epd_2in13g_test.o(i.EPD_test) refers to gui_paint.o(i.Paint_SelectImage) for Paint_SelectImage
    epd_2in13g_test.o(i.EPD_test) refers to gui_paint.o(i.Paint_Clear) for Paint_Clear
    epd_2in13g_test.o(i.EPD_test) refers to gui_paint.o(i.Paint_DrawBitMap) for Paint_DrawBitMap
    epd_2in13g_test.o(i.EPD_test) refers to epd_2in13g.o(i.EPD_2IN13G_Display) for EPD_2IN13G_Display
    epd_2in13g_test.o(i.EPD_test) refers to gui_paint.o(i.Paint_DrawPoint) for Paint_DrawPoint
    epd_2in13g_test.o(i.EPD_test) refers to gui_paint.o(i.Paint_DrawLine) for Paint_DrawLine
    epd_2in13g_test.o(i.EPD_test) refers to gui_paint.o(i.Paint_DrawRectangle) for Paint_DrawRectangle
[...]
    ..\Drivers\STM32F4xx_HAL_Driver\Src\stm32f4xx_hal_flash.c 0x00000000   Number         0  stm32f4xx_hal_flash.o ABSOLUTE
    ..\Drivers\STM32F4xx_HAL_Driver\Src\stm32f4xx_hal_flash_ex.c 0x00000000   Number         0  stm32f4xx_hal_flash_ex.o ABSOLUTE
    ..\Drivers\STM32F4xx_HAL_Driver\Src\stm32f4xx_hal_flash_ramfunc.c 0x00000000   Number         0  stm32f4xx_hal_flash_ramfunc.o ABSOLUTE
    ..\Drivers\STM32F4xx_HAL_Driver\Src\stm32f4xx_hal_gpio.c 0x00000000   Number         0  stm32f4xx_hal_gpio.o ABSOLUTE
    ..\Drivers\STM32F4xx_HAL_Driver\Src\stm32f4xx_hal_pwr.c 0x00000000   Number         0  stm32f4xx_hal_pwr.o ABSOLUTE
    ..\Drivers\STM32F4xx_HAL_Driver\Src\stm32f4xx_hal_pwr_ex.c 0x00000000   Number         0  stm32f4xx_hal_pwr_ex.o ABSOLUTE
    ..\Drivers\STM32F4xx_HAL_Driver\Src\stm32f4xx_hal_rcc.c 0x00000000   Number         0  stm32f4xx_hal_rcc.o ABSOLUTE
    ..\Drivers\STM32F4xx_HAL_Driver\Src\stm32f4xx_hal_rcc_ex.c 0x00000000   Number         0  stm32f4xx_hal_rcc_ex.o ABSOLUTE
    ..\Drivers\STM32F4xx_HAL_Driver\Src\stm32f4xx_hal_spi.c 0x00000000   Number         0  stm32f4xx_hal_spi.o ABSOLUTE
    ..\Drivers\STM32F4xx_HAL_Driver\Src\stm32f4xx_hal_tim.c 0x00000000   Number         0  stm32f4xx_hal_tim.o ABSOLUTE
    ..\Drivers\STM32F4xx_HAL_Driver\Src\stm32f4xx_hal_tim_ex.c 0x00000000   Number         0  stm32f4xx_hal_tim_ex.o ABSOLUTE
    ..\Fonts\src\font12.c                    0x00000000   Number         0  font12.o ABSOLUTE
    ..\Fonts\src\font12CN.c                  0x00000000   Number         0  font12cn.o ABSOLUTE
    ..\Fonts\src\font16.c                    0x00000000   Number         0  font16.o ABSOLUTE
    ..\Fonts\src\font20.c                    0x00000000   Number         0  font20.o ABSOLUTE
    ..\Fonts\src\font24.c                    0x00000000   Number         0  font24.o ABSOLUTE
    ..\Fonts\src\font24CN.c                  0x00000000   Number         0  font24cn.o ABSOLUTE
    ..\Fonts\src\font8.c                     0x00000000   Number         0  font8.o ABSOLUTE
    ..\GUI\src\GUI_Paint.c                   0x00000000   Number         0  gui_paint.o ABSOLUTE
    ..\\Config\\src\\DEV_Config.c            0x00000000   Number         0  dev_config.o ABSOLUTE
    ..\\GUI\\src\\GUI_Paint.c                0x00000000   Number         0  gui_paint.o ABSOLUTE
    ..\\e-Paper\\src\\EPD_2in13g.c           0x00000000   Number         0  epd_2in13g.o ABSOLUTE
    ..\\e-Paper\\src\\EPD_2in13g_Test.c      0x00000000   Number         0  epd_2in13g_test.o ABSOLUTE
    ..\e-Paper\src\EPD_2in13g.c              0x00000000   Number         0  epd_2in13g.o ABSOLUTE
    ..\e-Paper\src\EPD_2in13g_Test.c         0x00000000   Number         0  epd_2in13g_test.o ABSOLUTE
    ..\e-Paper\src\ImageData2.c              0x00000000   Number         0  imagedata2.o ABSOLUTE
    dc.s                                     0x00000000   Number         0  dc.o ABSOLUTE
    startup_stm32f407xx.s                    0x00000000   Number         0  startup_stm32f407xx.o ABSOLUTE
    RESET                                    0x08000000   Section      392  startup_stm32f407xx.o(RESET)
    !!!main                                  0x08000188   Section        8  __main.o(!!!main)
    !!!scatter                               0x08000190   Section       52  __scatter.o(!!!scatter)
    !!handler_copy                           0x080001c4   Section       26  __scatter_copy.o(!!handler_copy)
    !!handler_zi                             0x080001e0   Section       28  __scatter_zi.o(!!handler_zi)
    .ARM.Collect$$_printf_percent$$00000000  0x080001fc   Section        0  _printf_percent.o(.ARM.Collect$$_printf_percent$$00000000)
    .ARM.Collect$$_printf_percent$$00000009  0x080001fc   Section        6  _printf_d.o(.ARM.Collect$$_printf_percent$$00000009)
    .ARM.Collect$$_printf_percent$$00000017  0x08000202   Section        4  _printf_percent_end.o(.ARM.Collect$$_printf_percent$$00000017)
    .ARM.Collect$$libinit$$00000000          0x08000206   Section        2  libinit.o(.ARM.Collect$$libinit$$00000000)
    .ARM.Collect$$libinit$$00000001          0x08000208   Section        4  libinit2.o(.ARM.Collect$$libinit$$00000001)
    .ARM.Collect$$libinit$$00000004          0x0800020c   Section        0  libinit2.o(.ARM.Collect$$libinit$$00000004)
    .ARM.Collect$$libinit$$00000005          0x0800020c   Section        8  libinit2.o(.ARM.Collect$$libinit$$00000005)
    .ARM.Collect$$libinit$$0000000A          0x08000214   Section        0  libinit2.o(.ARM.Collect$$libinit$$0000000A)
    .ARM.Collect$$libinit$$0000000C          0x08000214   Section        0  libinit2.o(.ARM.Collect$$libinit$$0000000C)
    .ARM.Collect$$libinit$$0000000E          0x08000214   Section        0  libinit2.o(.ARM.Collect$$libinit$$0000000E)
    .ARM.Collect$$libinit$$00000011          0x08000214   Section        0  libinit2.o(.ARM.Collect$$libinit$$00000011)
    .ARM.Collect$$libinit$$00000013          0x08000214   Section        0  libinit2.o(.ARM.Collect$$libinit$$00000013)
    .ARM.Collect$$libinit$$00000015          0x08000214   Section        0  libinit2.o(.ARM.Collect$$libinit$$00000015)
    .ARM.Collect$$libinit$$00000017          0x08000214   Section        0  libinit2.o(.ARM.Collect$$libinit$$00000017)
    .ARM.Collect$$libinit$$00000019          0x08000214   Section        0  libinit2.o(.ARM.Collect$$libinit$$00000019)
    .ARM.Collect$$libinit$$0000001B          0x08000214   Section        0  libinit2.o(.ARM.Collect$$libinit$$0000001B)
    .ARM.Collect$$libinit$$0000001D          0x08000214   Section        0  libinit2.o(.ARM.Collect$$libinit$$0000001D)
    .ARM.Collect$$libinit$$0000001F          0x08000214   Section        0  libinit2.o(.ARM.Collect$$libinit$$0000001F)
    .ARM.Collect$$libinit$$00000021          0x08000214   Section        0  libinit2.o(.ARM.Collect$$libinit$$00000021)
    .ARM.Collect$$libinit$$00000023          0x08000214   Section        0  libinit2.o(.ARM.Collect$$libinit$$00000023)
    .ARM.Collect$$libinit$$00000024          0x08000214   Section        4  libinit2.o(.ARM.Collect$$libinit$$00000024)
    .ARM.Collect$$libinit$$00000025          0x08000218   Section        0  libinit2.o(.ARM.Collect$$libinit$$00000025)
    .ARM.Collect$$libinit$$0000002C          0x08000218   Section        0  libinit2.o(.ARM.Collect$$libinit$$0000002C)
    .ARM.Collect$$libinit$$0000002E          0x08000218   Section        0  libinit2.o(.ARM.Collect$$libinit$$0000002E)
    .ARM.Collect$$libinit$$00000030          0x08000218   Section        0  libinit2.o(.ARM.Collect$$libinit$$00000030)
    .ARM.Collect$$libinit$$00000032          0x08000218   Section        0  libinit2.o(.ARM.Collect$$libinit$$00000032)
    .ARM.Collect$$libinit$$00000033          0x08000218   Section        2  libinit2.o(.ARM.Collect$$libinit$$00000033)
    .ARM.Collect$$libshutdown$$00000000      0x0800021a   Section        2  libshutdown.o(.ARM.Collect$$libshutdown$$00000000)
    .ARM.Collect$$libshutdown$$00000002      0x0800021c   Section        0  libshutdown2.o(.ARM.Collect$$libshutdown$$00000002)
    .ARM.Collect$$libshutdown$$00000004      0x0800021c   Section        0  libshutdown2.o(.ARM.Collect$$libshutdown$$00000004)
    .ARM.Collect$$libshutdown$$00000005      0x0800021c   Section        4  libshutdown2.o(.ARM.Collect$$libshutdown$$00000005)
    .ARM.Collect$$libshutdown$$00000006      0x08000220   Section        0  libshutdown2.o(.ARM.Collect$$libshutdown$$00000006)
    .ARM.Collect$$libshutdown$$00000009      0x08000220   Section        0  libshutdown2.o(.ARM.Collect$$libshutdown$$00000009)
    .ARM.Collect$$libshutdown$$0000000C      0x08000220   Section        0  libshutdown2.o(.ARM.Collect$$libshutdown$$0000000C)
    .ARM.Collect$$libshutdown$$0000000E      0x08000220   Section        0  libshutdown2.o(.ARM.Collect$$libshutdown$$0000000E)
    .ARM.Collect$$libshutdown$$00000011      0x08000220   Section        0  libshutdown2.o(.ARM.Collect$$libshutdown$$00000011)
    .ARM.Collect$$libshutdown$$00000012      0x08000220   Section        2  libshutdown2.o(.ARM.Collect$$libshutdown$$00000012)
    .ARM.Collect$$rtentry$$00000000          0x08000222   Section        0  __rtentry.o(.ARM.Collect$$rtentry$$00000000)
    .ARM.Collect$$rtentry$$00000002          0x08000222   Section        0  __rtentry2.o(.ARM.Collect$$rtentry$$00000002)
    .ARM.Collect$$rtentry$$00000004          0x08000222   Section        6  __rtentry4.o(.ARM.Collect$$rtentry$$00000004)
    .ARM.Collect$$rtentry$$00000009          0x08000228   Section        0  __rtentry2.o(.ARM.Collect$$rtentry$$00000009)
    .ARM.Collect$$rtentry$$0000000A          0x08000228   Section        4  __rtentry2.o(.ARM.Collect$$rtentry$$0000000A)
    .ARM.Collect$$rtentry$$0000000C          0x0800022c   Section        0  __rtentry2.o(.ARM.Collect$$rtentry$$0000000C)
    .ARM.Collect$$rtentry$$0000000D          0x0800022c   Section        8  __rtentry2.o(.ARM.Collect$$rtentry$$0000000D)
    .ARM.Collect$$rtexit$$00000000           0x08000234   Section        2  rtexit.o(.ARM.Collect$$rtexit$$00000000)
    .ARM.Collect$$rtexit$$00000002           0x08000236   Section        0  rtexit2.o(.ARM.Collect$$rtexit$$00000002)
    .ARM.Collect$$rtexit$$00000003           0x08000236   Section        4  rtexit2.o(.ARM.Collect$$rtexit$$00000003)
    .ARM.Collect$$rtexit$$00000004           0x0800023a   Section        6  rtexit2.o(.ARM.Collect$$rtexit$$00000004)
    .emb_text                                0x08000240   Section        0  maybetermalloc1.o(.emb_text)
    .text                                    0x08000240   Section       64  startup_stm32f407xx.o(.text)
    $v0                                      0x08000240   Number         0  startup_stm32f407xx.o(.text)
    .text                                    0x08000280   Section        0  h1_alloc.o(.text)
    .text                                    0x080002de   Section        0  h1_free.o(.text)
    .text                                    0x0800032c   Section      238  lludivv7m.o(.text)
    .text                                    0x0800041c   Section        0  noretval__2printf.o(.text)
    .text                                    0x08000434   Section        0  __printf.o(.text)
    .text                                    0x0800049c   Section        0  _printf_dec.o(.text)
    .text                                    0x08000514   Section       78  rt_memclr_w.o(.text)
    .text                                    0x08000562   Section        0  heapauxi.o(.text)
    .text                                    0x08000568   Section        8  rt_heap_descriptor_intlibspace.o(.text)
    .text                                    0x08000570   Section        0  hguard.o(.text)
    .text                                    0x08000574   Section        0  init_alloc.o(.text)
    .text                                    0x080005fe   Section        0  h1_init.o(.text)
    .text                                    0x0800060c   Section        0  _printf_intcommon.o(.text)
    .text                                    0x080006c0   Section        0  _printf_char_file.o(.text)
    .text                                    0x080006e4   Section        8  libspace.o(.text)
    .text                                    0x080006ec   Section        0  h1_extend.o(.text)
    .text                                    0x08000720   Section        0  _printf_char_common.o(.text)
    _printf_input_char                       0x08000721   Thumb Code    10  _printf_char_common.o(.text)
    .text                                    0x08000750   Section        0  ferror.o(.text)
    .text                                    0x08000758   Section        0  initio.o(.text)
    .text                                    0x08000890   Section        0  defsig_rtmem_outer.o(.text)
    .text                                    0x0800089e   Section        0  sys_io.o(.text)
    .text                                    0x08000904   Section        2  use_no_semi.o(.text)
    .text                                    0x08000906   Section       74  sys_stackheap_outer.o(.text)
    .text                                    0x08000906   Section        0  indicate_semi.o(.text)
    .text                                    0x08000950   Section        0  flsbuf.o(.text)
    .text                                    0x08000b26   Section        0  setvbuf.o(.text)
    .text                                    0x08000b6c   Section        0  fopen.o(.text)
    _freopen_locked                          0x08000b6d   Thumb Code     0  fopen.o(.text)
    .text                                    0x08000c58   Section        0  fclose.o(.text)
    .text                                    0x08000ca4   Section        0  exit.o(.text)
    .text                                    0x08000cb6   Section        0  defsig_exit.o(.text)
    .text                                    0x08000cc0   Section        0  defsig_rtred_outer.o(.text)
    .text                                    0x08000cd0   Section        0  defsig_rtmem_inner.o(.text)
    .text                                    0x08000d20   Section        0  sys_exit.o(.text)
    .text                                    0x08000d2c   Section        0  fseek.o(.text)
    .text                                    0x08000e24   Section        0  stdio.o(.text)
    .text                                    0x08000f14   Section        0  defsig_general.o(.text)
    .text                                    0x08000f48   Section        0  defsig_rtred_inner.o(.text)
    .text                                    0x08000f7c   Section        0  strlen.o(.text)
    .text                                    0x08000fba   Section        0  sys_wrch.o(.text)
    .text                                    0x08000fc8   Section        0  ftell.o(.text)
    .text                                    0x0800100c   Section        8  rt_errno_addr_intlibspace.o(.text)
    i.BusFault_Handler                       0x08001014   Section        0  stm32f4xx_it.o(i.BusFault_Handler)
    i.DEV_Module_Exit                        0x08001018   Section        0  dev_config.o(i.DEV_Module_Exit)
    i.DEV_Module_Init                        0x08001058   Section        0  dev_config.o(i.DEV_Module_Init)
    i.DEV_SPI_WriteByte                      0x08001098   Section        0  dev_config.o(i.DEV_SPI_WriteByte)
    i.DebugMon_Handler                       0x080010b0   Section        0  stm32f4xx_it.o(i.DebugMon_Handler)
    i.EPD_2IN13G_Clear                       0x080010b4   Section        0  epd_2in13g.o(i.EPD_2IN13G_Clear)
    i.EPD_2IN13G_Display                     0x08001108   Section        0  epd_2in13g.o(i.EPD_2IN13G_Display)
    i.EPD_2IN13G_Init                        0x08001160   Section        0  epd_2in13g.o(i.EPD_2IN13G_Init)
    i.EPD_2IN13G_ReadBusy                    0x08001258   Section        0  epd_2in13g.o(i.EPD_2IN13G_ReadBusy)
    i.EPD_2IN13G_Reset                       0x080012c0   Section        0  epd_2in13g.o(i.EPD_2IN13G_Reset)
    EPD_2IN13G_Reset                         0x080012c1   Thumb Code    54  epd_2in13g.o(i.EPD_2IN13G_Reset)
    i.EPD_2IN13G_SendCommand                 0x080012fc   Section        0  epd_2in13g.o(i.EPD_2IN13G_SendCommand)
    EPD_2IN13G_SendCommand                   0x080012fd   Thumb Code    46  epd_2in13g.o(i.EPD_2IN13G_SendCommand)
    i.EPD_2IN13G_SendData                    0x08001334   Section        0  epd_2in13g.o(i.EPD_2IN13G_SendData)
    EPD_2IN13G_SendData                      0x08001335   Thumb Code    44  epd_2in13g.o(i.EPD_2IN13G_SendData)
    i.EPD_2IN13G_Sleep                       0x08001368   Section        0  epd_2in13g.o(i.EPD_2IN13G_Sleep)
    i.EPD_2IN13G_TurnOnDisplay               0x08001388   Section        0  epd_2in13g.o(i.EPD_2IN13G_TurnOnDisplay)
    EPD_2IN13G_TurnOnDisplay                 0x08001389   Thumb Code    20  epd_2in13g.o(i.EPD_2IN13G_TurnOnDisplay)
    i.EPD_2IN9_V2_SetWindows                 0x0800139c   Section        0  epd_2in13g.o(i.EPD_2IN9_V2_SetWindows)
    EPD_2IN9_V2_SetWindows                   0x0800139d   Thumb Code    96  epd_2in13g.o(i.EPD_2IN9_V2_SetWindows)
    i.EPD_test                               0x08001404   Section        0  epd_2in13g_test.o(i.EPD_test)
    i.Error_Handler                          0x08001768   Section        0  main.o(i.Error_Handler)
    i.HAL_Delay                              0x08001770   Section        0  stm32f4xx_hal.o(i.HAL_Delay)
    i.HAL_GPIO_Init                          0x08001798   Section        0  stm32f4xx_hal_gpio.o(i.HAL_GPIO_Init)
    i.HAL_GPIO_ReadPin                       0x0800198c   Section        0  stm32f4xx_hal_gpio.o(i.HAL_GPIO_ReadPin)
    i.HAL_GPIO_WritePin                      0x0800199c   Section        0  stm32f4xx_hal_gpio.o(i.HAL_GPIO_WritePin)
    i.HAL_GetTick                            0x080019a8   Section        0  stm32f4xx_hal.o(i.HAL_GetTick)
    i.HAL_IncTick                            0x080019b4   Section        0  stm32f4xx_hal.o(i.HAL_IncTick)
    i.HAL_Init                               0x080019cc   Section        0  stm32f4xx_hal.o(i.HAL_Init)
    i.HAL_InitTick                           0x08001a08   Section        0  stm32f4xx_hal.o(i.HAL_InitTick)
    i.HAL_MspInit                            0x08001a54   Section        0  stm32f4xx_hal_msp.o(i.HAL_MspInit)
    i.HAL_NVIC_SetPriority                   0x08001a9c   Section        0  stm32f4xx_hal_cortex.o(i.HAL_NVIC_SetPriority)
    i.HAL_NVIC_SetPriorityGrouping           0x08001b18   Section        0  stm32f4xx_hal_cortex.o(i.HAL_NVIC_SetPriorityGrouping)
    i.HAL_RCC_CSSCallback                    0x08001b40   Section        0  stm32f4xx_hal_rcc.o(i.HAL_RCC_CSSCallback)
    i.HAL_RCC_ClockConfig                    0x08001b44   Section        0  stm32f4xx_hal_rcc.o(i.HAL_RCC_ClockConfig)
    i.HAL_RCC_EnableCSS                      0x08001cc8   Section        0  stm32f4xx_hal_rcc.o(i.HAL_RCC_EnableCSS)
    i.HAL_RCC_GetSysClockFreq                0x08001cd4   Section        0  stm32f4xx_hal_rcc.o(i.HAL_RCC_GetSysClockFreq)
    i.HAL_RCC_NMI_IRQHandler                 0x08001d84   Section        0  stm32f4xx_hal_rcc.o(i.HAL_RCC_NMI_IRQHandler)
    i.HAL_RCC_OscConfig                      0x08001da4   Section        0  stm32f4xx_hal_rcc.o(i.HAL_RCC_OscConfig)
    i.HAL_SPI_Init                           0x08002240   Section        0  stm32f4xx_hal_spi.o(i.HAL_SPI_Init)
    i.HAL_SPI_MspInit                        0x08002308   Section        0  spi.o(i.HAL_SPI_MspInit)
    i.HAL_SPI_Transmit                       0x08002390   Section        0  stm32f4xx_hal_spi.o(i.HAL_SPI_Transmit)
    i.HAL_SYSTICK_Config                     0x0800253e   Section        0  stm32f4xx_hal_cortex.o(i.HAL_SYSTICK_Config)
    i.HardFault_Handler                      0x08002572   Section        0  stm32f4xx_it.o(i.HardFault_Handler)
    i.MX_GPIO_Init                           0x08002578   Section        0  gpio.o(i.MX_GPIO_Init)
    i.MX_SPI2_Init                           0x080026ac   Section        0  spi.o(i.MX_SPI2_Init)
    i.MemManage_Handler                      0x080026f0   Section        0  stm32f4xx_it.o(i.MemManage_Handler)
    i.NMI_Handler                            0x080026f4   Section        0  stm32f4xx_it.o(i.NMI_Handler)
    i.Paint_Clear                            0x080026fc   Section        0  gui_paint.o(i.Paint_Clear)
    i.Paint_DrawBitMap                       0x080027bc   Section        0  gui_paint.o(i.Paint_DrawBitMap)
    i.Paint_DrawChar                         0x080027f8   Section        0  gui_paint.o(i.Paint_DrawChar)
    i.Paint_DrawCircle                       0x0800294c   Section        0  gui_paint.o(i.Paint_DrawCircle)
    i.Paint_DrawLine                         0x08002b50   Section        0  gui_paint.o(i.Paint_DrawLine)
    i.Paint_DrawNum                          0x08002c94   Section        0  gui_paint.o(i.Paint_DrawNum)
    i.Paint_DrawPoint                        0x08002d7c   Section        0  gui_paint.o(i.Paint_DrawPoint)
    i.Paint_DrawRectangle                    0x08002ecc   Section        0  gui_paint.o(i.Paint_DrawRectangle)
    i.Paint_DrawString_CN                    0x08002fbc   Section        0  gui_paint.o(i.Paint_DrawString_CN)
    i.Paint_DrawString_EN                    0x080031d0   Section        0  gui_paint.o(i.Paint_DrawString_EN)
    i.Paint_NewImage                         0x08003254   Section        0  gui_paint.o(i.Paint_NewImage)
    i.Paint_SelectImage                      0x080032dc   Section        0  gui_paint.o(i.Paint_SelectImage)
    i.Paint_SetPixel                         0x080032e8   Section        0  gui_paint.o(i.Paint_SetPixel)
    i.Paint_SetScale                         0x08003534   Section        0  gui_paint.o(i.Paint_SetScale)
    i.PendSV_Handler                         0x08003648   Section        0  stm32f4xx_it.o(i.PendSV_Handler)
    i.SPI_EndRxTxTransaction                 0x0800364c   Section        0  stm32f4xx_hal_spi.o(i.SPI_EndRxTxTransaction)
    SPI_EndRxTxTransaction                   0x0800364d   Thumb Code   100  stm32f4xx_hal_spi.o(i.SPI_EndRxTxTransaction)
    i.SPI_WaitFlagStateUntilTimeout          0x080036b8   Section        0  stm32f4xx_hal_spi.o(i.SPI_WaitFlagStateUntilTimeout)
    SPI_WaitFlagStateUntilTimeout            0x080036b9   Thumb Code   210  stm32f4xx_hal_spi.o(i.SPI_WaitFlagStateUntilTimeout)
    i.SVC_Handler                            0x08003790   Section        0  stm32f4xx_it.o(i.SVC_Handler)
    i.SysTick_Handler                        0x08003792   Section        0  stm32f4xx_it.o(i.SysTick_Handler)
    i.SystemClock_Config                     0x0800379c   Section        0  main.o(i.SystemClock_Config)
    i.SystemInit                             0x08003854   Section        0  system_stm32f4xx.o(i.SystemInit)
    i.UsageFault_Handler                     0x08003868   Section        0  stm32f4xx_it.o(i.UsageFault_Handler)
    i.__NVIC_GetPriorityGrouping             0x0800386c   Section        0  stm32f4xx_hal_cortex.o(i.__NVIC_GetPriorityGrouping)
    __NVIC_GetPriorityGrouping               0x0800386d   Thumb Code    10  stm32f4xx_hal_cortex.o(i.__NVIC_GetPriorityGrouping)
    i.__NVIC_SetPriority                     0x0800387c   Section        0  stm32f4xx_hal_cortex.o(i.__NVIC_SetPriority)
    __NVIC_SetPriority                       0x0800387d   Thumb Code    32  stm32f4xx_hal_cortex.o(i.__NVIC_SetPriority)
    i.fputc                                  0x080038a4   Section        0  fputc.o(i.fputc)
    i.main                                   0x080038be   Section        0  main.o(i.main)
    x$fpl$fpinit                             0x080038d6   Section       10  fpinit.o(x$fpl$fpinit)
    $v0                                      0x080038d6   Number         0  fpinit.o(x$fpl$fpinit)
    .constdata                               0x080038e0   Section    468742  imagedata2.o(.constdata)
    .constdata                               0x08075fe6   Section     1140  font12.o(.constdata)
    .constdata                               0x0807645a   Section     3040  font16.o(.constdata)
    .constdata                               0x0807703a   Section     4482  font24cn.o(.constdata)
    .constdata                               0x080781bc   Section       24  system_stm32f4xx.o(.constdata)
    .constdata                               0x080781d4   Section        4  sys_io.o(.constdata)
    .constdata                               0x080781d8   Section        4  sys_io.o(.constdata)
    .constdata                               0x080781dc   Section        4  sys_io.o(.constdata)
    .conststring                             0x080781e0   Section      133  gui_paint.o(.conststring)
    .data                                    0x20000000   Section        4  epd_2in13g.o(.data)
    .data                                    0x20000004   Section        8  font12.o(.data)
    .data                                    0x2000000c   Section        8  font16.o(.data)
    .data                                    0x20000014   Section       12  font24cn.o(.data)
    .data                                    0x20000020   Section        4  system_stm32f4xx.o(.data)
    .data                                    0x20000024   Section        9  stm32f4xx_hal.o(.data)
    .data                                    0x20000030   Section        4  stdio_streams.o(.data)
    .data                                    0x20000034   Section        4  stdio_streams.o(.data)
    .data                                    0x20000038   Section        4  stdio_streams.o(.data)
    .bss                                     0x2000003c   Section       24  gui_paint.o(.bss)
    .bss                                     0x20000054   Section       88  spi.o(.bss)
    .bss                                     0x200000ac   Section       84  stdio_streams.o(.bss)
    .bss                                     0x20000100   Section       84  stdio_streams.o(.bss)
    .bss                                     0x20000154   Section       84  stdio_streams.o(.bss)
    .bss                                     0x200001a8   Section       96  libspace.o(.bss)
    HEAP                                     0x20000208   Section     8192  startup_stm32f407xx.o(HEAP)
    Heap_Mem                                 0x20000208   Data        8192  startup_stm32f407xx.o(HEAP)
    STACK                                    0x20002208   Section     8192  startup_stm32f407xx.o(STACK)
    Stack_Mem                                0x20002208   Data        8192  startup_stm32f407xx.o(STACK)
    __initial_sp                             0x20004208   Data           0  startup_stm32f407xx.o(STACK)

    Global Symbols

    Symbol Name                              Value     Ov Type        Size  Object(Section)

    BuildAttributes$$THM_ISAv4$E$P$D$K$B$S$7EM$VFPi3$EXTD16$VFPS$VFMA$PE$A:L22UL41UL21$X:L11$S22US41US21$IEEE1$IW$USESV6$~STKCKD$USESV7$~SHL$OTIME$ROPI$EBA8$UX$STANDARDLIB$REQ8$PRES8$EABIv2 0x00000000   Number         0  anon$$obj.o ABSOLUTE
    __ARM_use_no_argv                        0x00000000   Number         0  main.o ABSOLUTE
    __ARM_exceptions_init                     - Undefined Weak Reference
    __alloca_initialize                       - Undefined Weak Reference
    __arm_fini_                               - Undefined Weak Reference
    __arm_preinit_                            - Undefined Weak Reference
    __cpp_initialize__aeabi_                  - Undefined Weak Reference
    __cxa_finalize                            - Undefined Weak Reference
    __rt_locale                               - Undefined Weak Reference
    __sigvec_lookup                           - Undefined Weak Reference
    __user_heap_extent                        - Undefined Weak Reference
    _atexit_init                              - Undefined Weak Reference
    _call_atexit_fns                          - Undefined Weak Reference
    _clock_init                               - Undefined Weak Reference
    _fp_trap_init                             - Undefined Weak Reference
    _fp_trap_shutdown                         - Undefined Weak Reference
    _get_lc_collate                           - Undefined Weak Reference
    _get_lc_ctype                             - Undefined Weak Reference
    _get_lc_monetary                          - Undefined Weak Reference
    _get_lc_numeric                           - Undefined Weak Reference
    _get_lc_time                              - Undefined Weak Reference
    _getenv_init                              - Undefined Weak Reference
    _handle_redirection                       - Undefined Weak Reference
    _mutex_acquire                            - Undefined Weak Reference
    _mutex_free                               - Undefined Weak Reference
    _mutex_release                            - Undefined Weak Reference
    _printf_mbtowc                            - Undefined Weak Reference
    _printf_post_padding                      - Undefined Weak Reference
    _printf_pre_padding                       - Undefined Weak Reference
    _printf_truncate_signed                   - Undefined Weak Reference
    _printf_truncate_unsigned                 - Undefined Weak Reference
    _rand_init                                - Undefined Weak Reference
    _signal_finish                            - Undefined Weak Reference
    _signal_init                              - Undefined Weak Reference
    __Vectors_Size                           0x00000188   Number         0  startup_stm32f407xx.o ABSOLUTE
    __Vectors                                0x08000000   Data           4  startup_stm32f407xx.o(RESET)
    __Vectors_End                            0x08000188   Data           0  startup_stm32f407xx.o(RESET)
    __main                                   0x08000189   Thumb Code     8  __main.o(!!!main)
    __scatterload                            0x08000191   Thumb Code     0  __scatter.o(!!!scatter)
    __scatterload_rt2                        0x08000191   Thumb Code    44  __scatter.o(!!!scatter)
    __scatterload_rt2_thumb_only             0x08000191   Thumb Code     0  __scatter.o(!!!scatter)
    __scatterload_null                       0x0800019f   Thumb Code     0  __scatter.o(!!!scatter)
    __scatterload_copy                       0x080001c5   Thumb Code    26  __scatter_copy.o(!!handler_copy)
    __scatterload_zeroinit                   0x080001e1   Thumb Code    28  __scatter_zi.o(!!handler_zi)
    _printf_d                                0x080001fd   Thumb Code     0  _printf_d.o(.ARM.Collect$$_printf_percent$$00000009)
    _printf_percent                          0x080001fd   Thumb Code     0  _printf_percent.o(.ARM.Collect$$_printf_percent$$00000000)
    _printf_percent_end                      0x08000203   Thumb Code     0  _printf_percent_end.o(.ARM.Collect$$_printf_percent$$00000017)
    __rt_lib_init                            0x08000207   Thumb Code     0  libinit.o(.ARM.Collect$$libinit$$00000000)
    __rt_lib_init_fp_1                       0x08000209   Thumb Code     0  libinit2.o(.ARM.Collect$$libinit$$00000001)
    __rt_lib_init_heap_2                     0x0800020d   Thumb Code     0  libinit2.o(.ARM.Collect$$libinit$$00000005)
    __rt_lib_init_preinit_1                  0x0800020d   Thumb Code     0  libinit2.o(.ARM.Collect$$libinit$$00000004)
    __rt_lib_init_atexit_1                   0x08000215   Thumb Code     0  libinit2.o(.ARM.Collect$$libinit$$0000001B)
    __rt_lib_init_clock_1                    0x08000215   Thumb Code     0  libinit2.o(.ARM.Collect$$libinit$$00000021)
    __rt_lib_init_fp_trap_1                  0x08000215   Thumb Code     0  libinit2.o(.ARM.Collect$$libinit$$0000001F)
    __rt_lib_init_getenv_1                   0x08000215   Thumb Code     0  libinit2.o(.ARM.Collect$$libinit$$00000023)
    __rt_lib_init_heap_1                     0x08000215   Thumb Code     0  libinit2.o(.ARM.Collect$$libinit$$0000000A)
    __rt_lib_init_lc_collate_1               0x08000215   Thumb Code     0  libinit2.o(.ARM.Collect$$libinit$$00000011)
    __rt_lib_init_lc_ctype_1                 0x08000215   Thumb Code     0  libinit2.o(.ARM.Collect$$libinit$$00000013)
    __rt_lib_init_lc_monetary_1              0x08000215   Thumb Code     0  libinit2.o(.ARM.Collect$$libinit$$00000015)
    __rt_lib_init_lc_numeric_1               0x08000215   Thumb Code     0  libinit2.o(.ARM.Collect$$libinit$$00000017)
    __rt_lib_init_lc_time_1                  0x08000215   Thumb Code     0  libinit2.o(.ARM.Collect$$libinit$$00000019)
    __rt_lib_init_rand_1                     0x08000215   Thumb Code     0  libinit2.o(.ARM.Collect$$libinit$$0000000E)
    __rt_lib_init_signal_1                   0x08000215   Thumb Code     0  libinit2.o(.ARM.Collect$$libinit$$0000001D)
    __rt_lib_init_stdio_2                    0x08000215   Thumb Code     0  libinit2.o(.ARM.Collect$$libinit$$00000024)
    __rt_lib_init_user_alloc_1               0x08000215   Thumb Code     0  libinit2.o(.ARM.Collect$$libinit$$0000000C)
    __rt_lib_init_alloca_1                   0x08000219   Thumb Code     0  libinit2.o(.ARM.Collect$$libinit$$0000002E)
    __rt_lib_init_argv_1                     0x08000219   Thumb Code     0  libinit2.o(.ARM.Collect$$libinit$$0000002C)
    __rt_lib_init_cpp_1                      0x08000219   Thumb Code     0  libinit2.o(.ARM.Collect$$libinit$$00000032)
    __rt_lib_init_exceptions_1               0x08000219   Thumb Code     0  libinit2.o(.ARM.Collect$$libinit$$00000030)
    __rt_lib_init_return                     0x08000219   Thumb Code     0  libinit2.o(.ARM.Collect$$libinit$$00000033)
    __rt_lib_init_stdio_1                    0x08000219   Thumb Code     0  libinit2.o(.ARM.Collect$$libinit$$00000025)
    __rt_lib_shutdown                        0x0800021b   Thumb Code     0  libshutdown.o(.ARM.Collect$$libshutdown$$00000000)
    __rt_lib_shutdown_cpp_1                  0x0800021d   Thumb Code     0  libshutdown2.o(.ARM.Collect$$libshutdown$$00000004)
    __rt_lib_shutdown_fini_1                 0x0800021d   Thumb Code     0  libshutdown2.o(.ARM.Collect$$libshutdown$$00000002)
    __rt_lib_shutdown_stdio_2                0x0800021d   Thumb Code     0  libshutdown2.o(.ARM.Collect$$libshutdown$$00000005)
    __rt_lib_shutdown_fp_trap_1              0x08000221   Thumb Code     0  libshutdown2.o(.ARM.Collect$$libshutdown$$00000009)
    __rt_lib_shutdown_heap_1                 0x08000221   Thumb Code     0  libshutdown2.o(.ARM.Collect$$libshutdown$$00000011)
    __rt_lib_shutdown_return                 0x08000221   Thumb Code     0  libshutdown2.o(.ARM.Collect$$libshutdown$$00000012)
    __rt_lib_shutdown_signal_1               0x08000221   Thumb Code     0  libshutdown2.o(.ARM.Collect$$libshutdown$$0000000C)
    __rt_lib_shutdown_stdio_1                0x08000221   Thumb Code     0  libshutdown2.o(.ARM.Collect$$libshutdown$$00000006)
    __rt_lib_shutdown_user_alloc_1           0x08000221   Thumb Code     0  libshutdown2.o(.ARM.Collect$$libshutdown$$0000000E)
    __rt_entry                               0x08000223   Thumb Code     0  __rtentry.o(.ARM.Collect$$rtentry$$00000000)
    __rt_entry_presh_1                       0x08000223   Thumb Code     0  __rtentry2.o(.ARM.Collect$$rtentry$$00000002)
    __rt_entry_sh                            0x08000223   Thumb Code     0  __rtentry4.o(.ARM.Collect$$rtentry$$00000004)
    __rt_entry_li                            0x08000229   Thumb Code     0  __rtentry2.o(.ARM.Collect$$rtentry$$0000000A)
    __rt_entry_postsh_1                      0x08000229   Thumb Code     0  __rtentry2.o(.ARM.Collect$$rtentry$$00000009)
    __rt_entry_main                          0x0800022d   Thumb Code     0  __rtentry2.o(.ARM.Collect$$rtentry$$0000000D)
    __rt_entry_postli_1                      0x0800022d   Thumb Code     0  __rtentry2.o(.ARM.Collect$$rtentry$$0000000C)
    __rt_exit                                0x08000235   Thumb Code     0  rtexit.o(.ARM.Collect$$rtexit$$00000000)
    __rt_exit_ls                             0x08000237   Thumb Code     0  rtexit2.o(.ARM.Collect$$rtexit$$00000003)
    __rt_exit_prels_1                        0x08000237   Thumb Code     0  rtexit2.o(.ARM.Collect$$rtexit$$00000002)
    __rt_exit_exit                           0x0800023b   Thumb Code     0  rtexit2.o(.ARM.Collect$$rtexit$$00000004)
    Reset_Handler                            0x08000241   Thumb Code     8  startup_stm32f407xx.o(.text)
    _maybe_terminate_alloc                   0x08000241   Thumb Code     0  maybetermalloc1.o(.emb_text)
    ADC_IRQHandler                           0x0800025b   Thumb Code     0  startup_stm32f407xx.o(.text)
    CAN1_RX0_IRQHandler                      0x0800025b   Thumb Code     0  startup_stm32f407xx.o(.text)
    CAN1_RX1_IRQHandler                      0x0800025b   Thumb Code     0  startup_stm32f407xx.o(.text)
    CAN1_SCE_IRQHandler                      0x0800025b   Thumb Code     0  startup_stm32f407xx.o(.text)
    CAN1_TX_IRQHandler                       0x0800025b   Thumb Code     0  startup_stm32f407xx.o(.text)
    CAN2_RX0_IRQHandler                      0x0800025b   Thumb Code     0  startup_stm32f407xx.o(.text)
    CAN2_RX1_IRQHandler                      0x0800025b   Thumb Code     0  startup_stm32f407xx.o(.text)
    CAN2_SCE_IRQHandler                      0x0800025b   Thumb Code     0  startup_stm32f407xx.o(.text)
    CAN2_TX_IRQHandler                       0x0800025b   Thumb Code     0  startup_stm32f407xx.o(.text)
    DCMI_IRQHandler                          0x0800025b   Thumb Code     0  startup_stm32f407xx.o(.text)
    DMA1_Stream0_IRQHandler                  0x0800025b   Thumb Code     0  startup_stm32f407xx.o(.text)
    DMA1_Stream1_IRQHandler                  0x0800025b   Thumb Code     0  startup_stm32f407xx.o(.text)
    DMA1_Stream2_IRQHandler                  0x0800025b   Thumb Code     0  startup_stm32f407xx.o(.text)
    DMA1_Stream3_IRQHandler                  0x0800025b   Thumb Code     0  startup_stm32f407xx.o(.text)
    DMA1_Stream4_IRQHandler                  0x0800025b   Thumb Code     0  startup_stm32f407xx.o(.text)
    DMA1_Stream5_IRQHandler                  0x0800025b   Thumb Code     0  startup_stm32f407xx.o(.text)
    DMA1_Stream6_IRQHandler                  0x0800025b   Thumb Code     0  startup_stm32f407xx.o(.text)
    DMA1_Stream7_IRQHandler                  0x0800025b   Thumb Code     0  startup_stm32f407xx.o(.text)
    DMA2_Stream0_IRQHandler                  0x0800025b   Thumb Code     0  startup_stm32f407xx.o(.text)
    DMA2_Stream1_IRQHandler                  0x0800025b   Thumb Code     0  startup_stm32f407xx.o(.text)
    DMA2_Stream2_IRQHandler                  0x0800025b   Thumb Code     0  startup_stm32f407xx.o(.text)
    DMA2_Stream3_IRQHandler                  0x0800025b   Thumb Code     0  startup_stm32f407xx.o(.text)
    DMA2_Stream4_IRQHandler                  0x0800025b   Thumb Code     0  startup_stm32f407xx.o(.text)
    DMA2_Stream5_IRQHandler                  0x0800025b   Thumb Code     0  startup_stm32f407xx.o(.text)
    DMA2_Stream6_IRQHandler                  0x0800025b   Thumb Code     0  startup_stm32f407xx.o(.text)
    DMA2_Stream7_IRQHandler                  0x0800025b   Thumb Code     0  startup_stm32f407xx.o(.text)
    ETH_IRQHandler                           0x0800025b   Thumb Code     0  startup_stm32f407xx.o(.text)
    ETH_WKUP_IRQHandler                      0x0800025b   Thumb Code     0  startup_stm32f407xx.o(.text)
    EXTI0_IRQHandler                         0x0800025b   Thumb Code     0  startup_stm32f407xx.o(.text)
    EXTI15_10_IRQHandler                     0x0800025b   Thumb Code     0  startup_stm32f407xx.o(.text)
    EXTI1_IRQHandler                         0x0800025b   Thumb Code     0  startup_stm32f407xx.o(.text)
    EXTI2_IRQHandler                         0x0800025b   Thumb Code     0  startup_stm32f407xx.o(.text)
    EXTI3_IRQHandler                         0x0800025b   Thumb Code     0  startup_stm32f407xx.o(.text)
    EXTI4_IRQHandler                         0x0800025b   Thumb Code     0  startup_stm32f407xx.o(.text)
    EXTI9_5_IRQHandler                       0x0800025b   Thumb Code     0  startup_stm32f407xx.o(.text)
    FLASH_IRQHandler                         0x0800025b   Thumb Code     0  startup_stm32f407xx.o(.text)
    FMC_IRQHandler                           0x0800025b   Thumb Code     0  startup_stm32f407xx.o(.text)
    FPU_IRQHandler                           0x0800025b   Thumb Code     0  startup_stm32f407xx.o(.text)
    HASH_RNG_IRQHandler                      0x0800025b   Thumb Code     0  startup_stm32f407xx.o(.text)
    I2C1_ER_IRQHandler                       0x0800025b   Thumb Code     0  startup_stm32f407xx.o(.text)
    I2C1_EV_IRQHandler                       0x0800025b   Thumb Code     0  startup_stm32f407xx.o(.text)
    I2C2_ER_IRQHandler                       0x0800025b   Thumb Code     0  startup_stm32f407xx.o(.text)
    I2C2_EV_IRQHandler                       0x0800025b   Thumb Code     0  startup_stm32f407xx.o(.text)
    I2C3_ER_IRQHandler                       0x0800025b   Thumb Code     0  startup_stm32f407xx.o(.text)
    I2C3_EV_IRQHandler                       0x0800025b   Thumb Code     0  startup_stm32f407xx.o(.text)
    OTG_FS_IRQHandler                        0x0800025b   Thumb Code     0  startup_stm32f407xx.o(.text)
    OTG_FS_WKUP_IRQHandler                   0x0800025b   Thumb Code     0  startup_stm32f407xx.o(.text)
    OTG_HS_EP1_IN_IRQHandler                 0x0800025b   Thumb Code     0  startup_stm32f407xx.o(.text)
    OTG_HS_EP1_OUT_IRQHandler                0x0800025b   Thumb Code     0  startup_stm32f407xx.o(.text)
    OTG_HS_IRQHandler                        0x0800025b   Thumb Code     0  startup_stm32f407xx.o(.text)
    OTG_HS_WKUP_IRQHandler                   0x0800025b   Thumb Code     0  startup_stm32f407xx.o(.text)
    PVD_IRQHandler                           0x0800025b   Thumb Code     0  startup_stm32f407xx.o(.text)
    RCC_IRQHandler                           0x0800025b   Thumb Code     0  startup_stm32f407xx.o(.text)
    RTC_Alarm_IRQHandler                     0x0800025b   Thumb Code     0  startup_stm32f407xx.o(.text)
    RTC_WKUP_IRQHandler                      0x0800025b   Thumb Code     0  startup_stm32f407xx.o(.text)
    SDIO_IRQHandler                          0x0800025b   Thumb Code     0  startup_stm32f407xx.o(.text)
    SPI1_IRQHandler                          0x0800025b   Thumb Code     0  startup_stm32f407xx.o(.text)
    SPI2_IRQHandler                          0x0800025b   Thumb Code     0  startup_stm32f407xx.o(.text)
    SPI3_IRQHandler                          0x0800025b   Thumb Code     0  startup_stm32f407xx.o(.text)
    TAMP_STAMP_IRQHandler                    0x0800025b   Thumb Code     0  startup_stm32f407xx.o(.text)
    TIM1_BRK_TIM9_IRQHandler                 0x0800025b   Thumb Code     0  startup_stm32f407xx.o(.text)
    TIM1_CC_IRQHandler                       0x0800025b   Thumb Code     0  startup_stm32f407xx.o(.text)
    TIM1_TRG_COM_TIM11_IRQHandler            0x0800025b   Thumb Code     0  startup_stm32f407xx.o(.text)
    TIM1_UP_TIM10_IRQHandler                 0x0800025b   Thumb Code     0  startup_stm32f407xx.o(.text)
    TIM2_IRQHandler                          0x0800025b   Thumb Code     0  startup_stm32f407xx.o(.text)
    TIM3_IRQHandler                          0x0800025b   Thumb Code     0  startup_stm32f407xx.o(.text)
    TIM4_IRQHandler                          0x0800025b   Thumb Code     0  startup_stm32f407xx.o(.text)
    TIM5_IRQHandler                          0x0800025b   Thumb Code     0  startup_stm32f407xx.o(.text)
    TIM6_DAC_IRQHandler                      0x0800025b   Thumb Code     0  startup_stm32f407xx.o(.text)
    TIM7_IRQHandler                          0x0800025b   Thumb Code     0  startup_stm32f407xx.o(.text)
    TIM8_BRK_TIM12_IRQHandler                0x0800025b   Thumb Code     0  startup_stm32f407xx.o(.text)
    TIM8_CC_IRQHandler                       0x0800025b   Thumb Code     0  startup_stm32f407xx.o(.text)
    TIM8_TRG_COM_TIM14_IRQHandler            0x0800025b   Thumb Code     0  startup_stm32f407xx.o(.text)
    TIM8_UP_TIM13_IRQHandler                 0x0800025b   Thumb Code     0  startup_stm32f407xx.o(.text)
    UART4_IRQHandler                         0x0800025b   Thumb Code     0  startup_stm32f407xx.o(.text)
    UART5_IRQHandler                         0x0800025b   Thumb Code     0  startup_stm32f407xx.o(.text)
    USART1_IRQHandler                        0x0800025b   Thumb Code     0  startup_stm32f407xx.o(.text)
    USART2_IRQHandler                        0x0800025b   Thumb Code     0  startup_stm32f407xx.o(.text)
    USART3_IRQHandler                        0x0800025b   Thumb Code     0  startup_stm32f407xx.o(.text)
    USART6_IRQHandler                        0x0800025b   Thumb Code     0  startup_stm32f407xx.o(.text)
    WWDG_IRQHandler                          0x0800025b   Thumb Code     0  startup_stm32f407xx.o(.text)
    __user_initial_stackheap                 0x0800025d   Thumb Code     0  startup_stm32f407xx.o(.text)
    malloc                                   0x08000281   Thumb Code    94  h1_alloc.o(.text)
    free                                     0x080002df   Thumb Code    78  h1_free.o(.text)
    __aeabi_uldivmod                         0x0800032d   Thumb Code     0  lludivv7m.o(.text)
    _ll_udiv                                 0x0800032d   Thumb Code   238  lludivv7m.o(.text)
    __2printf                                0x0800041d   Thumb Code    20  noretval__2printf.o(.text)
    __printf                                 0x08000435   Thumb Code   104  __printf.o(.text)
    _printf_int_dec                          0x0800049d   Thumb Code   104  _printf_dec.o(.text)
    __aeabi_memclr4                          0x08000515   Thumb Code     0  rt_memclr_w.o(.text)
    __aeabi_memclr8                          0x08000515   Thumb Code     0  rt_memclr_w.o(.text)
    __rt_memclr_w                            0x08000515   Thumb Code    78  rt_memclr_w.o(.text)
    _memset_w                                0x08000519   Thumb Code     0  rt_memclr_w.o(.text)
    __use_two_region_memory                  0x08000563   Thumb Code     2  heapauxi.o(.text)
    __rt_heap_escrow                         0x08000565   Thumb Code     2  heapauxi.o(.text)
    __rt_heap_expand                         0x08000567   Thumb Code     2  heapauxi.o(.text)
    __rt_heap_descriptor                     0x08000569   Thumb Code     8  rt_heap_descriptor_intlibspace.o(.text)
    __use_no_heap                            0x08000571   Thumb Code     2  hguard.o(.text)
    __heap$guard                             0x08000573   Thumb Code     2  hguard.o(.text)
    _terminate_user_alloc                    0x08000575   Thumb Code     2  init_alloc.o(.text)
    _init_user_alloc                         0x08000577   Thumb Code     2  init_alloc.o(.text)
    __Heap_Full                              0x08000579   Thumb Code    34  init_alloc.o(.text)
    __Heap_Broken                            0x0800059b   Thumb Code     6  init_alloc.o(.text)
    _init_alloc                              0x080005a1   Thumb Code    94  init_alloc.o(.text)
    __Heap_Initialize                        0x080005ff   Thumb Code    10  h1_init.o(.text)
    __Heap_DescSize                          0x08000609   Thumb Code     4  h1_init.o(.text)
    _printf_int_common                       0x0800060d   Thumb Code   178  _printf_intcommon.o(.text)
    _printf_char_file                        0x080006c1   Thumb Code    32  _printf_char_file.o(.text)
    __user_libspace                          0x080006e5   Thumb Code     8  libspace.o(.text)
    __user_perproc_libspace                  0x080006e5   Thumb Code     0  libspace.o(.text)
    __user_perthread_libspace                0x080006e5   Thumb Code     0  libspace.o(.text)
    __Heap_ProvideMemory                     0x080006ed   Thumb Code    52  h1_extend.o(.text)
    _printf_char_common                      0x0800072b   Thumb Code    32  _printf_char_common.o(.text)
    ferror                                   0x08000751   Thumb Code     8  ferror.o(.text)
    _initio                                  0x08000759   Thumb Code   210  initio.o(.text)
    _terminateio                             0x0800082b   Thumb Code    56  initio.o(.text)
    __rt_SIGRTMEM                            0x08000891   Thumb Code    14  defsig_rtmem_outer.o(.text)
    _sys_open                                0x0800089f   Thumb Code    20  sys_io.o(.text)
    _sys_close                               0x080008b3   Thumb Code    12  sys_io.o(.text)
    _sys_write                               0x080008bf   Thumb Code    16  sys_io.o(.text)
    _sys_read                                0x080008cf   Thumb Code    14  sys_io.o(.text)
    _sys_istty                               0x080008dd   Thumb Code    12  sys_io.o(.text)
    _sys_seek                                0x080008e9   Thumb Code    14  sys_io.o(.text)
    _sys_ensure                              0x080008f7   Thumb Code     2  sys_io.o(.text)
    _sys_flen                                0x080008f9   Thumb Code    12  sys_io.o(.text)
    __I$use$semihosting                      0x08000905   Thumb Code     0  use_no_semi.o(.text)
    __use_no_semihosting_swi                 0x08000905   Thumb Code     2  use_no_semi.o(.text)
    __semihosting_library_function           0x08000907   Thumb Code     0  indicate_semi.o(.text)
    __user_setup_stackheap                   0x08000907   Thumb Code    74  sys_stackheap_outer.o(.text)
    __flsbuf                                 0x08000951   Thumb Code   470  flsbuf.o(.text)
    __flsbuf_byte                            0x08000951   Thumb Code     0  flsbuf.o(.text)
    __flsbuf_wide                            0x08000951   Thumb Code     0  flsbuf.o(.text)
    setvbuf                                  0x08000b27   Thumb Code    70  setvbuf.o(.text)
    freopen                                  0x08000b6d   Thumb Code   158  fopen.o(.text)
    fopen                                    0x08000c0b   Thumb Code    74  fopen.o(.text)
    _fclose_internal                         0x08000c59   Thumb Code    76  fclose.o(.text)
    fclose                                   0x08000c59   Thumb Code     0  fclose.o(.text)
    exit                                     0x08000ca5   Thumb Code    18  exit.o(.text)
    __sig_exit                               0x08000cb7   Thumb Code    10  defsig_exit.o(.text)
    __rt_SIGRTRED                            0x08000cc1   Thumb Code    14  defsig_rtred_outer.o(.text)
    __rt_SIGRTMEM_inner                      0x08000cd1   Thumb Code    22  defsig_rtmem_inner.o(.text)
    _sys_exit                                0x08000d21   Thumb Code     8  sys_exit.o(.text)
    _fseek                                   0x08000d2d   Thumb Code   242  fseek.o(.text)
    fseek                                    0x08000d2d   Thumb Code     0  fseek.o(.text)
    _seterr                                  0x08000e25   Thumb Code    20  stdio.o(.text)
    _writebuf                                0x08000e39   Thumb Code    84  stdio.o(.text)
    _fflush                                  0x08000e8d   Thumb Code    70  stdio.o(.text)
    _deferredlazyseek                        0x08000ed3   Thumb Code    60  stdio.o(.text)
    __default_signal_display                 0x08000f15   Thumb Code    50  defsig_general.o(.text)
    __rt_SIGRTRED_inner                      0x08000f49   Thumb Code    14  defsig_rtred_inner.o(.text)
    strlen                                   0x08000f7d   Thumb Code    62  strlen.o(.text)
    _ttywrch                                 0x08000fbb   Thumb Code    14  sys_wrch.o(.text)
    _ftell_internal                          0x08000fc9   Thumb Code    66  ftell.o(.text)
    ftell                                    0x08000fc9   Thumb Code     0  ftell.o(.text)
    __aeabi_errno_addr                       0x0800100d   Thumb Code     8  rt_errno_addr_intlibspace.o(.text)
    __errno$intlibspace                      0x0800100d   Thumb Code     0  rt_errno_addr_intlibspace.o(.text)
    __rt_errno_addr$intlibspace              0x0800100d   Thumb Code     0  rt_errno_addr_intlibspace.o(.text)
    BusFault_Handler                         0x08001015   Thumb Code     4  stm32f4xx_it.o(i.BusFault_Handler)
    DEV_Module_Exit                          0x08001019   Thumb Code    50  dev_config.o(i.DEV_Module_Exit)
    DEV_Module_Init                          0x08001059   Thumb Code    50  dev_config.o(i.DEV_Module_Init)
    DEV_SPI_WriteByte                        0x08001099   Thumb Code    18  dev_config.o(i.DEV_SPI_WriteByte)
    DebugMon_Handler                         0x080010b1   Thumb Code     2  stm32f4xx_it.o(i.DebugMon_Handler)
    EPD_2IN13G_Clear                         0x080010b5   Thumb Code    78  epd_2in13g.o(i.EPD_2IN13G_Clear)
    EPD_2IN13G_Display                       0x08001109   Thumb Code    84  epd_2in13g.o(i.EPD_2IN13G_Display)
    EPD_2IN13G_Init                          0x08001161   Thumb Code   248  epd_2in13g.o(i.EPD_2IN13G_Init)
    EPD_2IN13G_ReadBusy                      0x08001259   Thumb Code    44  epd_2in13g.o(i.EPD_2IN13G_ReadBusy)
    EPD_2IN13G_Sleep                         0x08001369   Thumb Code    32  epd_2in13g.o(i.EPD_2IN13G_Sleep)
    EPD_test                                 0x08001405   Thumb Code   784  epd_2in13g_test.o(i.EPD_test)
    Error_Handler                            0x08001769   Thumb Code     6  main.o(i.Error_Handler)
    HAL_Delay                                0x08001771   Thumb Code    36  stm32f4xx_hal.o(i.HAL_Delay)
    HAL_GPIO_Init                            0x08001799   Thumb Code   454  stm32f4xx_hal_gpio.o(i.HAL_GPIO_Init)
    HAL_GPIO_ReadPin                         0x0800198d   Thumb Code    16  stm32f4xx_hal_gpio.o(i.HAL_GPIO_ReadPin)
    HAL_GPIO_WritePin                        0x0800199d   Thumb Code    12  stm32f4xx_hal_gpio.o(i.HAL_GPIO_WritePin)
    HAL_GetTick                              0x080019a9   Thumb Code     6  stm32f4xx_hal.o(i.HAL_GetTick)
    HAL_IncTick                              0x080019b5   Thumb Code    16  stm32f4xx_hal.o(i.HAL_IncTick)
    HAL_Init                                 0x080019cd   Thumb Code    54  stm32f4xx_hal.o(i.HAL_Init)
    HAL_InitTick                             0x08001a09   Thumb Code    64  stm32f4xx_hal.o(i.HAL_InitTick)
    HAL_MspInit                              0x08001a55   Thumb Code    68  stm32f4xx_hal_msp.o(i.HAL_MspInit)
    HAL_NVIC_SetPriority                     0x08001a9d   Thumb Code   124  stm32f4xx_hal_cortex.o(i.HAL_NVIC_SetPriority)
    HAL_NVIC_SetPriorityGrouping             0x08001b19   Thumb Code    32  stm32f4xx_hal_cortex.o(i.HAL_NVIC_SetPriorityGrouping)
    HAL_RCC_CSSCallback                      0x08001b41   Thumb Code     2  stm32f4xx_hal_rcc.o(i.HAL_RCC_CSSCallback)
    HAL_RCC_ClockConfig                      0x08001b45   Thumb Code   368  stm32f4xx_hal_rcc.o(i.HAL_RCC_ClockConfig)
    HAL_RCC_EnableCSS                        0x08001cc9   Thumb Code     8  stm32f4xx_hal_rcc.o(i.HAL_RCC_EnableCSS)
    HAL_RCC_GetSysClockFreq                  0x08001cd5   Thumb Code   162  stm32f4xx_hal_rcc.o(i.HAL_RCC_GetSysClockFreq)
    HAL_RCC_NMI_IRQHandler                   0x08001d85   Thumb Code    28  stm32f4xx_hal_rcc.o(i.HAL_RCC_NMI_IRQHandler)
    HAL_RCC_OscConfig                        0x08001da5   Thumb Code  1172  stm32f4xx_hal_rcc.o(i.HAL_RCC_OscConfig)
    HAL_SPI_Init                             0x08002241   Thumb Code   200  stm32f4xx_hal_spi.o(i.HAL_SPI_Init)
    HAL_SPI_MspInit                          0x08002309   Thumb Code   124  spi.o(i.HAL_SPI_MspInit)
    HAL_SPI_Transmit                         0x08002391   Thumb Code   430  stm32f4xx_hal_spi.o(i.HAL_SPI_Transmit)
    HAL_SYSTICK_Config                       0x0800253f   Thumb Code    52  stm32f4xx_hal_cortex.o(i.HAL_SYSTICK_Config)
    HardFault_Handler                        0x08002573   Thumb Code     4  stm32f4xx_it.o(i.HardFault_Handler)
    MX_GPIO_Init                             0x08002579   Thumb Code   292  gpio.o(i.MX_GPIO_Init)
    MX_SPI2_Init                             0x080026ad   Thumb Code    60  spi.o(i.MX_SPI2_Init)
    MemManage_Handler                        0x080026f1   Thumb Code     4  stm32f4xx_it.o(i.MemManage_Handler)
    NMI_Handler                              0x080026f5   Thumb Code     8  stm32f4xx_it.o(i.NMI_Handler)
    Paint_Clear                              0x080026fd   Thumb Code   186  gui_paint.o(i.Paint_Clear)
    Paint_DrawBitMap                         0x080027bd   Thumb Code    56  gui_paint.o(i.Paint_DrawBitMap)
    Paint_DrawChar                           0x080027f9   Thumb Code   272  gui_paint.o(i.Paint_DrawChar)
    Paint_DrawCircle                         0x0800294d   Thumb Code   508  gui_paint.o(i.Paint_DrawCircle)
    Paint_DrawLine                           0x08002b51   Thumb Code   254  gui_paint.o(i.Paint_DrawLine)
    Paint_DrawNum                            0x08002c95   Thumb Code   164  gui_paint.o(i.Paint_DrawNum)
    Paint_DrawPoint                          0x08002d7d   Thumb Code   192  gui_paint.o(i.Paint_DrawPoint)
    Paint_DrawRectangle                      0x08002ecd   Thumb Code   188  gui_paint.o(i.Paint_DrawRectangle)
    Paint_DrawString_CN                      0x08002fbd   Thumb Code   530  gui_paint.o(i.Paint_DrawString_CN)
    Paint_DrawString_EN                      0x080031d1   Thumb Code   122  gui_paint.o(i.Paint_DrawString_EN)
    Paint_NewImage                           0x08003255   Thumb Code   130  gui_paint.o(i.Paint_NewImage)
    Paint_SelectImage                        0x080032dd   Thumb Code     6  gui_paint.o(i.Paint_SelectImage)
    Paint_SetPixel                           0x080032e9   Thumb Code   544  gui_paint.o(i.Paint_SetPixel)
    Paint_SetScale                           0x08003535   Thumb Code   192  gui_paint.o(i.Paint_SetScale)
    PendSV_Handler                           0x08003649   Thumb Code     2  stm32f4xx_it.o(i.PendSV_Handler)
    SVC_Handler                              0x08003791   Thumb Code     2  stm32f4xx_it.o(i.SVC_Handler)
    SysTick_Handler                          0x08003793   Thumb Code     8  stm32f4xx_it.o(i.SysTick_Handler)
    SystemClock_Config                       0x0800379d   Thumb Code   174  main.o(i.SystemClock_Config)
    SystemInit                               0x08003855   Thumb Code    14  system_stm32f4xx.o(i.SystemInit)
    UsageFault_Handler                       0x08003869   Thumb Code     4  stm32f4xx_it.o(i.UsageFault_Handler)
    fputc                                    0x080038a5   Thumb Code    26  fputc.o(i.fputc)
    main                                     0x080038bf   Thumb Code    24  main.o(i.main)
    _fp_init                                 0x080038d7   Thumb Code    10  fpinit.o(x$fpl$fpinit)
    __fplib_config_fpu_vfp                   0x080038df   Thumb Code     0  fpinit.o(x$fpl$fpinit)
    __fplib_config_pureend_doubles           0x080038df   Thumb Code     0  fpinit.o(x$fpl$fpinit)
    gImage_2in13g                            0x080038e0   Data        7750  imagedata2.o(.constdata)
    gImage_2in13b_V4b                        0x08005726   Data        4000  imagedata2.o(.constdata)
    gImage_2in13b_V4r                        0x080066c6   Data        4000  imagedata2.o(.constdata)
    gImage_1in64g                            0x08007666   Data        7056  imagedata2.o(.constdata)
    gImage_2in36g                            0x080091f6   Data       12432  imagedata2.o(.constdata)
    gImage_3in0g                             0x0800c286   Data       16800  imagedata2.o(.constdata)
    gImage_7in3g                             0x08010426   Data       96000  imagedata2.o(.constdata)
    gImage_4in37g                            0x08027b26   Data       47104  imagedata2.o(.constdata)
    gImage_7in3f                             0x08033326   Data       192000  imagedata2.o(.constdata)
    gImage_13in3k                            0x08062126   Data       81600  imagedata2.o(.constdata)
    Font12_Table                             0x08075fe6   Data        1140  font12.o(.constdata)
    Font16_Table                             0x0807645a   Data        3040  font16.o(.constdata)
    Font24CN_Table                           0x0807703a   Data        4482  font24cn.o(.constdata)
    AHBPrescTable                            0x080781bc   Data          16  system_stm32f4xx.o(.constdata)
    APBPrescTable                            0x080781cc   Data           8  system_stm32f4xx.o(.constdata)
    __stdin_name                             0x080781d4   Data           4  sys_io.o(.constdata)
    __stdout_name                            0x080781d8   Data           4  sys_io.o(.constdata)
    __stderr_name                            0x080781dc   Data           4  sys_io.o(.constdata)
    Region$$Table$$Base                      0x08078268   Number         0  anon$$obj.o(Region$$Table)
    Region$$Table$$Limit                     0x08078288   Number         0  anon$$obj.o(Region$$Table)
    Source_BITS                              0x20000000   Data           2  epd_2in13g.o(.data)
    Gate_BITS                                0x20000002   Data           2  epd_2in13g.o(.data)
    Font12                                   0x20000004   Data           8  font12.o(.data)
    Font16                                   0x2000000c   Data           8  font16.o(.data)
    Font24CN                                 0x20000014   Data          12  font24cn.o(.data)
    SystemCoreClock                          0x20000020   Data           4  system_stm32f4xx.o(.data)
    uwTick                                   0x20000024   Data           4  stm32f4xx_hal.o(.data)
    uwTickPrio                               0x20000028   Data           4  stm32f4xx_hal.o(.data)
    uwTickFreq                               0x2000002c   Data           1  stm32f4xx_hal.o(.data)
    __aeabi_stdin                            0x20000030   Data           4  stdio_streams.o(.data)
    __aeabi_stdout                           0x20000034   Data           4  stdio_streams.o(.data)
    __aeabi_stderr                           0x20000038   Data           4  stdio_streams.o(.data)
    Paint                                    0x2000003c   Data          24  gui_paint.o(.bss)
    hspi2                                    0x20000054   Data          88  spi.o(.bss)
    __stdin                                  0x200000ac   Data          84  stdio_streams.o(.bss)
    __stdout                                 0x20000100   Data          84  stdio_streams.o(.bss)
    __stderr                                 0x20000154   Data          84  stdio_streams.o(.bss)
    __libspace_start                         0x200001a8   Data          96  libspace.o(.bss)
    __temporary_stack_top$libspace           0x20000208   Data           0  libspace.o(.bss)



==============================================================================

Memory Map of the image

  Image Entry point : 0x08000189

  Load Region LR_IROM1 (Base: 0x08000000, Size: 0x000782c4, Max: 0x00100000, ABSOLUTE)

    Execution Region ER_IROM1 (Exec base: 0x08000000, Load base: 0x08000000, Size: 0x00078288, Max: 0x00100000, ABSOLUTE)

    Exec Addr    Load Addr    Size         Type   Attr      Idx    E Section Name        Object

    0x08000000   0x08000000   0x00000188   Data   RO          778    RESET               startup_stm32f407xx.o
    0x08000188   0x08000188   0x00000008   Code   RO         2426  * !!!main             c_w.l(__main.o)
    0x08000190   0x08000190   0x00000034   Code   RO         2752    !!!scatter          c_w.l(__scatter.o)
    0x080001c4   0x080001c4   0x0000001a   Code   RO         2754    !!handler_copy      c_w.l(__scatter_copy.o)
    0x080001de   0x080001de   0x00000002   PAD
    0x080001e0   0x080001e0   0x0000001c   Code   RO         2756    !!handler_zi        c_w.l(__scatter_zi.o)
    0x080001fc   0x080001fc   0x00000000   Code   RO         2421    .ARM.Collect$$_printf_percent$$00000000  c_w.l(_printf_percent.o)
    0x080001fc   0x080001fc   0x00000006   Code   RO         2420    .ARM.Collect$$_printf_percent$$00000009  c_w.l(_printf_d.o)
    0x08000202   0x08000202   0x00000004   Code   RO         2484    .ARM.Collect$$_printf_percent$$00000017  c_w.l(_printf_percent_end.o)
    0x08000206   0x08000206   0x00000002   Code   RO         2656    .ARM.Collect$$libinit$$00000000  c_w.l(libinit.o)
    0x08000208   0x08000208   0x00000004   Code   RO         2495    .ARM.Collect$$libinit$$00000001  c_w.l(libinit2.o)
    0x0800020c   0x0800020c   0x00000000   Code   RO         2498    .ARM.Collect$$libinit$$00000004  c_w.l(libinit2.o)
    0x0800020c   0x0800020c   0x00000008   Code   RO         2499    .ARM.Collect$$libinit$$00000005  c_w.l(libinit2.o)
    0x08000214   0x08000214   0x00000000   Code   RO         2501    .ARM.Collect$$libinit$$0000000A  c_w.l(libinit2.o)
    0x08000214   0x08000214   0x00000000   Code   RO         2503    .ARM.Collect$$libinit$$0000000C  c_w.l(libinit2.o)
    0x08000214   0x08000214   0x00000000   Code   RO         2505    .ARM.Collect$$libinit$$0000000E  c_w.l(libinit2.o)
    0x08000214   0x08000214   0x00000000   Code   RO         2508    .ARM.Collect$$libinit$$00000011  c_w.l(libinit2.o)
    0x08000214   0x08000214   0x00000000   Code   RO         2510    .ARM.Collect$$libinit$$00000013  c_w.l(libinit2.o)
    0x08000214   0x08000214   0x00000000   Code   RO         2512    .ARM.Collect$$libinit$$00000015  c_w.l(libinit2.o)
    0x08000214   0x08000214   0x00000000   Code   RO         2514    .ARM.Collect$$libinit$$00000017  c_w.l(libinit2.o)
    0x08000214   0x08000214   0x00000000   Code   RO         2516    .ARM.Collect$$libinit$$00000019  c_w.l(libinit2.o)
    0x08000214   0x08000214   0x00000000   Code   RO         2518    .ARM.Collect$$libinit$$0000001B  c_w.l(libinit2.o)
    0x08000214   0x08000214   0x00000000   Code   RO         2520    .ARM.Collect$$libinit$$0000001D  c_w.l(libinit2.o)
    0x08000214   0x08000214   0x00000000   Code   RO         2522    .ARM.Collect$$libinit$$0000001F  c_w.l(libinit2.o)
    0x08000214   0x08000214   0x00000000   Code   RO         2524    .ARM.Collect$$libinit$$00000021  c_w.l(libinit2.o)
    0x08000214   0x08000214   0x00000000   Code   RO         2526    .ARM.Collect$$libinit$$00000023  c_w.l(libinit2.o)
    0x08000214   0x08000214   0x00000004   Code   RO         2527    .ARM.Collect$$libinit$$00000024  c_w.l(libinit2.o)
    0x08000218   0x08000218   0x00000000   Code   RO         2528    .ARM.Collect$$libinit$$00000025  c_w.l(libinit2.o)
    0x08000218   0x08000218   0x00000000   Code   RO         2532    .ARM.Collect$$libinit$$0000002C  c_w.l(libinit2.o)
    0x08000218   0x08000218   0x00000000   Code   RO         2534    .ARM.Collect$$libinit$$0000002E  c_w.l(libinit2.o)
    0x08000218   0x08000218   0x00000000   Code   RO         2536    .ARM.Collect$$libinit$$00000030  c_w.l(libinit2.o)
    0x08000218   0x08000218   0x00000000   Code   RO         2538    .ARM.Collect$$libinit$$00000032  c_w.l(libinit2.o)
    0x08000218   0x08000218   0x00000002   Code   RO         2539    .ARM.Collect$$libinit$$00000033  c_w.l(libinit2.o)
    0x0800021a   0x0800021a   0x00000002   Code   RO         2749    .ARM.Collect$$libshutdown$$00000000  c_w.l(libshutdown.o)
    0x0800021c   0x0800021c   0x00000000   Code   RO         2658    .ARM.Collect$$libshutdown$$00000002  c_w.l(libshutdown2.o)
    0x0800021c   0x0800021c   0x00000000   Code   RO         2660    .ARM.Collect$$libshutdown$$00000004  c_w.l(libshutdown2.o)
    0x0800021c   0x0800021c   0x00000004   Code   RO         2661    .ARM.Collect$$libshutdown$$00000005  c_w.l(libshutdown2.o)
    0x08000220   0x08000220   0x00000000   Code   RO         2662    .ARM.Collect$$libshutdown$$00000006  c_w.l(libshutdown2.o)
    0x08000220   0x08000220   0x00000000   Code   RO         2665    .ARM.Collect$$libshutdown$$00000009  c_w.l(libshutdown2.o)
    0x08000220   0x08000220   0x00000000   Code   RO         2668    .ARM.Collect$$libshutdown$$0000000C  c_w.l(libshutdown2.o)
    0x08000220   0x08000220   0x00000000   Code   RO         2670    .ARM.Collect$$libshutdown$$0000000E  c_w.l(libshutdown2.o)
    0x08000220   0x08000220   0x00000000   Code   RO         2673    .ARM.Collect$$libshutdown$$00000011  c_w.l(libshutdown2.o)
    0x08000220   0x08000220   0x00000002   Code   RO         2674    .ARM.Collect$$libshutdown$$00000012  c_w.l(libshutdown2.o)
    0x08000222   0x08000222   0x00000000   Code   RO         2448    .ARM.Collect$$rtentry$$00000000  c_w.l(__rtentry.o)
    0x08000222   0x08000222   0x00000000   Code   RO         2553    .ARM.Collect$$rtentry$$00000002  c_w.l(__rtentry2.o)
    0x08000222   0x08000222   0x00000006   Code   RO         2565    .ARM.Collect$$rtentry$$00000004  c_w.l(__rtentry4.o)
    0x08000228   0x08000228   0x00000000   Code   RO         2555    .ARM.Collect$$rtentry$$00000009  c_w.l(__rtentry2.o)
    0x08000228   0x08000228   0x00000004   Code   RO         2556    .ARM.Collect$$rtentry$$0000000A  c_w.l(__rtentry2.o)
    0x0800022c   0x0800022c   0x00000000   Code   RO         2558    .ARM.Collect$$rtentry$$0000000C  c_w.l(__rtentry2.o)
    0x0800022c   0x0800022c   0x00000008   Code   RO         2559    .ARM.Collect$$rtentry$$0000000D  c_w.l(__rtentry2.o)
    0x08000234   0x08000234   0x00000002   Code   RO         2679    .ARM.Collect$$rtexit$$00000000  c_w.l(rtexit.o)
    0x08000236   0x08000236   0x00000000   Code   RO         2710    .ARM.Collect$$rtexit$$00000002  c_w.l(rtexit2.o)
    0x08000236   0x08000236   0x00000004   Code   RO         2711    .ARM.Collect$$rtexit$$00000003  c_w.l(rtexit2.o)
    0x0800023a   0x0800023a   0x00000006   Code   RO         2712    .ARM.Collect$$rtexit$$00000004  c_w.l(rtexit2.o)
    0x08000240   0x08000240   0x00000000   Code   RO         2571    .emb_text           c_w.l(maybetermalloc1.o)
    0x08000240   0x08000240   0x00000040   Code   RO          779    .text               startup_stm32f407xx.o
    0x08000280   0x08000280   0x0000005e   Code   RO         2329    .text               c_w.l(h1_alloc.o)
    0x080002de   0x080002de   0x0000004e   Code   RO         2331    .text               c_w.l(h1_free.o)
    0x0800032c   0x0800032c   0x000000ee   Code   RO         2387    .text               c_w.l(lludivv7m.o)
    0x0800041a   0x0800041a   0x00000002   PAD
    0x0800041c   0x0800041c   0x00000018   Code   RO         2391    .text               c_w.l(noretval__2printf.o)
    0x08000434   0x08000434   0x00000068   Code   RO         2393    .text               c_w.l(__printf.o)
    0x0800049c   0x0800049c   0x00000078   Code   RO         2397    .text               c_w.l(_printf_dec.o)
    0x08000514   0x08000514   0x0000004e   Code   RO         2422    .text               c_w.l(rt_memclr_w.o)
    0x08000562   0x08000562   0x00000006   Code   RO         2424    .text               c_w.l(heapauxi.o)
    0x08000568   0x08000568   0x00000008   Code   RO         2456    .text               c_w.l(rt_heap_descriptor_intlibspace.o)
    0x08000570   0x08000570   0x00000004   Code   RO         2458    .text               c_w.l(hguard.o)
    0x08000574   0x08000574   0x0000008a   Code   RO         2460    .text               c_w.l(init_alloc.o)
    0x080005fe   0x080005fe   0x0000000e   Code   RO         2464    .text               c_w.l(h1_init.o)
    0x0800060c   0x0800060c   0x000000b2   Code   RO         2478    .text               c_w.l(_printf_intcommon.o)
    0x080006be   0x080006be   0x00000002   PAD
    0x080006c0   0x080006c0   0x00000024   Code   RO         2482    .text               c_w.l(_printf_char_file.o)
    0x080006e4   0x080006e4   0x00000008   Code   RO         2549    .text               c_w.l(libspace.o)
    0x080006ec   0x080006ec   0x00000034   Code   RO         2573    .text               c_w.l(h1_extend.o)
    0x08000720   0x08000720   0x00000030   Code   RO         2577    .text               c_w.l(_printf_char_common.o)
    0x08000750   0x08000750   0x00000008   Code   RO         2579    .text               c_w.l(ferror.o)
    0x08000758   0x08000758   0x00000138   Code   RO         2585    .text               c_w.l(initio.o)
    0x08000890   0x08000890   0x0000000e   Code   RO         2593    .text               c_w.l(defsig_rtmem_outer.o)
    0x0800089e   0x0800089e   0x00000066   Code   RO         2604    .text               c_w.l(sys_io.o)
    0x08000904   0x08000904   0x00000002   Code   RO         2609    .text               c_w.l(use_no_semi.o)
    0x08000906   0x08000906   0x00000000   Code   RO         2611    .text               c_w.l(indicate_semi.o)
    0x08000906   0x08000906   0x0000004a   Code   RO         2612    .text               c_w.l(sys_stackheap_outer.o)
    0x08000950   0x08000950   0x000001d6   Code   RO         2620    .text               c_w.l(flsbuf.o)
    0x08000b26   0x08000b26   0x00000046   Code   RO         2622    .text               c_w.l(setvbuf.o)
    0x08000b6c   0x08000b6c   0x000000ec   Code   RO         2625    .text               c_w.l(fopen.o)
    0x08000c58   0x08000c58   0x0000004c   Code   RO         2627    .text               c_w.l(fclose.o)
    0x08000ca4   0x08000ca4   0x00000012   Code   RO         2633    .text               c_w.l(exit.o)
    0x08000cb6   0x08000cb6   0x0000000a   Code   RO         2635    .text               c_w.l(defsig_exit.o)
    0x08000cc0   0x08000cc0   0x0000000e   Code   RO         2641    .text               c_w.l(defsig_rtred_outer.o)
    0x08000cce   0x08000cce   0x00000002   PAD
    0x08000cd0   0x08000cd0   0x00000050   Code   RO         2645    .text               c_w.l(defsig_rtmem_inner.o)
    0x08000d20   0x08000d20   0x0000000c   Code   RO         2677    .text               c_w.l(sys_exit.o)
    0x08000d2c   0x08000d2c   0x000000f8   Code   RO         2687    .text               c_w.l(fseek.o)
    0x08000e24   0x08000e24   0x000000f0   Code   RO         2689    .text               c_w.l(stdio.o)
    0x08000f14   0x08000f14   0x00000032   Code   RO         2697    .text               c_w.l(defsig_general.o)
    0x08000f46   0x08000f46   0x00000002   PAD
    0x08000f48   0x08000f48   0x00000034   Code   RO         2701    .text               c_w.l(defsig_rtred_inner.o)
    0x08000f7c   0x08000f7c   0x0000003e   Code   RO         2705    .text               c_w.l(strlen.o)
    0x08000fba   0x08000fba   0x0000000e   Code   RO         2707    .text               c_w.l(sys_wrch.o)
    0x08000fc8   0x08000fc8   0x00000042   Code   RO         2720    .text               c_w.l(ftell.o)
    0x0800100a   0x0800100a   0x00000002   PAD
    0x0800100c   0x0800100c   0x00000008   Code   RO         2733    .text               c_w.l(rt_errno_addr_intlibspace.o)
    0x08001014   0x08001014   0x00000004   Code   RO          643    i.BusFault_Handler  stm32f4xx_it.o
    0x08001018   0x08001018   0x00000040   Code   RO          241    i.DEV_Module_Exit   dev_config.o
    0x08001058   0x08001058   0x00000040   Code   RO          242    i.DEV_Module_Init   dev_config.o
    0x08001098   0x08001098   0x00000018   Code   RO          243    i.DEV_SPI_WriteByte  dev_config.o
    0x080010b0   0x080010b0   0x00000002   Code   RO          644    i.DebugMon_Handler  stm32f4xx_it.o
    0x080010b2   0x080010b2   0x00000002   PAD
    0x080010b4   0x080010b4   0x00000054   Code   RO            4    i.EPD_2IN13G_Clear  epd_2in13g.o
    0x08001108   0x08001108   0x00000058   Code   RO            5    i.EPD_2IN13G_Display  epd_2in13g.o
    0x08001160   0x08001160   0x000000f8   Code   RO            6    i.EPD_2IN13G_Init   epd_2in13g.o
    0x08001258   0x08001258   0x00000068   Code   RO            7    i.EPD_2IN13G_ReadBusy  epd_2in13g.o
    0x080012c0   0x080012c0   0x0000003c   Code   RO            8    i.EPD_2IN13G_Reset  epd_2in13g.o
    0x080012fc   0x080012fc   0x00000038   Code   RO            9    i.EPD_2IN13G_SendCommand  epd_2in13g.o
    0x08001334   0x08001334   0x00000034   Code   RO           10    i.EPD_2IN13G_SendData  epd_2in13g.o
    0x08001368   0x08001368   0x00000020   Code   RO           11    i.EPD_2IN13G_Sleep  epd_2in13g.o
    0x08001388   0x08001388   0x00000014   Code   RO           12    i.EPD_2IN13G_TurnOnDisplay  epd_2in13g.o
    0x0800139c   0x0800139c   0x00000068   Code   RO           13    i.EPD_2IN9_V2_SetWindows  epd_2in13g.o
    0x08001404   0x08001404   0x00000364   Code   RO          186    i.EPD_test          epd_2in13g_test.o
    0x08001768   0x08001768   0x00000006   Code   RO          538    i.Error_Handler     main.o
    0x0800176e   0x0800176e   0x00000002   PAD
    0x08001770   0x08001770   0x00000028   Code   RO         2039    i.HAL_Delay         stm32f4xx_hal.o
    0x08001798   0x08001798   0x000001f4   Code   RO         1508    i.HAL_GPIO_Init     stm32f4xx_hal_gpio.o
    0x0800198c   0x0800198c   0x00000010   Code   RO         1510    i.HAL_GPIO_ReadPin  stm32f4xx_hal_gpio.o
    0x0800199c   0x0800199c   0x0000000c   Code   RO         1512    i.HAL_GPIO_WritePin  stm32f4xx_hal_gpio.o
    0x080019a8   0x080019a8   0x0000000c   Code   RO         2045    i.HAL_GetTick       stm32f4xx_hal.o
    0x080019b4   0x080019b4   0x00000018   Code   RO         2051    i.HAL_IncTick       stm32f4xx_hal.o
    0x080019cc   0x080019cc   0x0000003c   Code   RO         2052    i.HAL_Init          stm32f4xx_hal.o
    0x08001a08   0x08001a08   0x0000004c   Code   RO         2053    i.HAL_InitTick      stm32f4xx_hal.o
    0x08001a54   0x08001a54   0x00000048   Code   RO          718    i.HAL_MspInit       stm32f4xx_hal_msp.o
    0x08001a9c   0x08001a9c   0x0000007c   Code   RO         1903    i.HAL_NVIC_SetPriority  stm32f4xx_hal_cortex.o
    0x08001b18   0x08001b18   0x00000028   Code   RO         1904    i.HAL_NVIC_SetPriorityGrouping  stm32f4xx_hal_cortex.o
    0x08001b40   0x08001b40   0x00000002   Code   RO         1108    i.HAL_RCC_CSSCallback  stm32f4xx_hal_rcc.o
    0x08001b42   0x08001b42   0x00000002   PAD
    0x08001b44   0x08001b44   0x00000184   Code   RO         1109    i.HAL_RCC_ClockConfig  stm32f4xx_hal_rcc.o
    0x08001cc8   0x08001cc8   0x0000000c   Code   RO         1112    i.HAL_RCC_EnableCSS  stm32f4xx_hal_rcc.o
    0x08001cd4   0x08001cd4   0x000000b0   Code   RO         1118    i.HAL_RCC_GetSysClockFreq  stm32f4xx_hal_rcc.o
    0x08001d84   0x08001d84   0x00000020   Code   RO         1120    i.HAL_RCC_NMI_IRQHandler  stm32f4xx_hal_rcc.o
    0x08001da4   0x08001da4   0x0000049c   Code   RO         1121    i.HAL_RCC_OscConfig  stm32f4xx_hal_rcc.o
    0x08002240   0x08002240   0x000000c8   Code   RO          797    i.HAL_SPI_Init      stm32f4xx_hal_spi.o
    0x08002308   0x08002308   0x00000088   Code   RO          602    i.HAL_SPI_MspInit   spi.o
    0x08002390   0x08002390   0x000001ae   Code   RO          805    i.HAL_SPI_Transmit  stm32f4xx_hal_spi.o
    0x0800253e   0x0800253e   0x00000034   Code   RO         1908    i.HAL_SYSTICK_Config  stm32f4xx_hal_cortex.o
    0x08002572   0x08002572   0x00000004   Code   RO          645    i.HardFault_Handler  stm32f4xx_it.o
    0x08002576   0x08002576   0x00000002   PAD
    0x08002578   0x08002578   0x00000134   Code   RO          577    i.MX_GPIO_Init      gpio.o
    0x080026ac   0x080026ac   0x00000044   Code   RO          603    i.MX_SPI2_Init      spi.o
    0x080026f0   0x080026f0   0x00000004   Code   RO          646    i.MemManage_Handler  stm32f4xx_it.o
    0x080026f4   0x080026f4   0x00000008   Code   RO          647    i.NMI_Handler       stm32f4xx_it.o
    0x080026fc   0x080026fc   0x000000c0   Code   RO          379    i.Paint_Clear       gui_paint.o
    0x080027bc   0x080027bc   0x0000003c   Code   RO          381    i.Paint_DrawBitMap  gui_paint.o
    0x080027f8   0x080027f8   0x00000154   Code   RO          384    i.Paint_DrawChar    gui_paint.o
    0x0800294c   0x0800294c   0x00000204   Code   RO          385    i.Paint_DrawCircle  gui_paint.o
    0x08002b50   0x08002b50   0x00000144   Code   RO          386    i.Paint_DrawLine    gui_paint.o
    0x08002c94   0x08002c94   0x000000e8   Code   RO          387    i.Paint_DrawNum     gui_paint.o
    0x08002d7c   0x08002d7c   0x00000150   Code   RO          389    i.Paint_DrawPoint   gui_paint.o
    0x08002ecc   0x08002ecc   0x000000f0   Code   RO          390    i.Paint_DrawRectangle  gui_paint.o
    0x08002fbc   0x08002fbc   0x00000212   Code   RO          391    i.Paint_DrawString_CN  gui_paint.o
    0x080031ce   0x080031ce   0x00000002   PAD
    0x080031d0   0x080031d0   0x00000084   Code   RO          392    i.Paint_DrawString_EN  gui_paint.o
    0x08003254   0x08003254   0x00000088   Code   RO          394    i.Paint_NewImage    gui_paint.o
    0x080032dc   0x080032dc   0x0000000c   Code   RO          395    i.Paint_SelectImage  gui_paint.o
    0x080032e8   0x080032e8   0x0000024c   Code   RO          397    i.Paint_SetPixel    gui_paint.o
    0x08003534   0x08003534   0x00000114   Code   RO          399    i.Paint_SetScale    gui_paint.o
    0x08003648   0x08003648   0x00000002   Code   RO          648    i.PendSV_Handler    stm32f4xx_it.o
    0x0800364a   0x0800364a   0x00000002   PAD
    0x0800364c   0x0800364c   0x0000006c   Code   RO          835    i.SPI_EndRxTxTransaction  stm32f4xx_hal_spi.o
    0x080036b8   0x080036b8   0x000000d8   Code   RO          840    i.SPI_WaitFlagStateUntilTimeout  stm32f4xx_hal_spi.o
    0x08003790   0x08003790   0x00000002   Code   RO          649    i.SVC_Handler       stm32f4xx_it.o
    0x08003792   0x08003792   0x00000008   Code   RO          650    i.SysTick_Handler   stm32f4xx_it.o
    0x0800379a   0x0800379a   0x00000002   PAD
    0x0800379c   0x0800379c   0x000000b8   Code   RO          539    i.SystemClock_Config  main.o
    0x08003854   0x08003854   0x00000014   Code   RO          743    i.SystemInit        system_stm32f4xx.o
    0x08003868   0x08003868   0x00000004   Code   RO          651    i.UsageFault_Handler  stm32f4xx_it.o
    0x0800386c   0x0800386c   0x00000010   Code   RO         1910    i.__NVIC_GetPriorityGrouping  stm32f4xx_hal_cortex.o
    0x0800387c   0x0800387c   0x00000028   Code   RO         1911    i.__NVIC_SetPriority  stm32f4xx_hal_cortex.o
    0x080038a4   0x080038a4   0x0000001a   Code   RO         2582    i.fputc             c_w.l(fputc.o)
    0x080038be   0x080038be   0x00000018   Code   RO          540    i.main              main.o
    0x080038d6   0x080038d6   0x0000000a   Code   RO         2602    x$fpl$fpinit        fz_wm.l(fpinit.o)
    0x080038e0   0x080038e0   0x00072706   Data   RO          225    .constdata          imagedata2.o
    0x08075fe6   0x08075fe6   0x00000474   Data   RO          292    .constdata          font12.o
    0x0807645a   0x0807645a   0x00000be0   Data   RO          320    .constdata          font16.o
    0x0807703a   0x0807703a   0x00001182   Data   RO          362    .constdata          font24cn.o
    0x080781bc   0x080781bc   0x00000018   Data   RO          744    .constdata          system_stm32f4xx.o
    0x080781d4   0x080781d4   0x00000004   Data   RO         2605    .constdata          c_w.l(sys_io.o)
    0x080781d8   0x080781d8   0x00000004   Data   RO         2606    .constdata          c_w.l(sys_io.o)
    0x080781dc   0x080781dc   0x00000004   Data   RO         2607    .constdata          c_w.l(sys_io.o)
    0x080781e0   0x080781e0   0x00000085   Data   RO          401    .conststring        gui_paint.o
    0x08078265   0x08078265   0x00000003   PAD
    0x08078268   0x08078268   0x00000020   Data   RO         2750    Region$$Table       anon$$obj.o


    Execution Region RW_IRAM1 (Exec base: 0x20000000, Load base: 0x08078288, Size: 0x00004208, Max: 0x0001c000, ABSOLUTE)

    Exec Addr    Load Addr    Size         Type   Attr      Idx    E Section Name        Object

    0x20000000   0x08078288   0x00000004   Data   RW           14    .data               epd_2in13g.o
    0x20000004   0x0807828c   0x00000008   Data   RW          293    .data               font12.o
    0x2000000c   0x08078294   0x00000008   Data   RW          321    .data               font16.o
    0x20000014   0x0807829c   0x0000000c   Data   RW          363    .data               font24cn.o
    0x20000020   0x080782a8   0x00000004   Data   RW          745    .data               system_stm32f4xx.o
    0x20000024   0x080782ac   0x00000009   Data   RW         2059    .data               stm32f4xx_hal.o
    0x2000002d   0x080782b5   0x00000003   PAD
    0x20000030   0x080782b8   0x00000004   Data   RW         2488    .data               c_w.l(stdio_streams.o)
    0x20000034   0x080782bc   0x00000004   Data   RW         2489    .data               c_w.l(stdio_streams.o)
    0x20000038   0x080782c0   0x00000004   Data   RW         2490    .data               c_w.l(stdio_streams.o)
    0x2000003c        -       0x00000018   Zero   RW          400    .bss                gui_paint.o
    0x20000054        -       0x00000058   Zero   RW          604    .bss                spi.o
    0x200000ac        -       0x00000054   Zero   RW         2485    .bss                c_w.l(stdio_streams.o)
    0x20000100        -       0x00000054   Zero   RW         2486    .bss                c_w.l(stdio_streams.o)
    0x20000154        -       0x00000054   Zero   RW         2487    .bss                c_w.l(stdio_streams.o)
    0x200001a8        -       0x00000060   Zero   RW         2550    .bss                c_w.l(libspace.o)
    0x20000208        -       0x00002000   Zero   RW          777    HEAP                startup_stm32f407xx.o
    0x20002208        -       0x00002000   Zero   RW          776    STACK               startup_stm32f407xx.o


    Execution Region RW_IRAM2 (Exec base: 0x2001c000, Load base: 0x080782c4, Size: 0x00000000, Max: 0x00004000, ABSOLUTE)

    **** No section assigned to this execution region ****


==============================================================================

Image component sizes


      Code (inc. data)   RO Data    RW Data    ZI Data      Debug   Object Name

       152         34          0          0          0       1588   dev_config.o
       848        102          0          4          0     661463   epd_2in13g.o
       868         84          0          0          0       2429   epd_2in13g_test.o
         0          0       1140          8          0       1353   font12.o
         0          0       3040          8          0       1353   font16.o
         0          0       4482         12          0       1359   font24cn.o
       308         16          0          0          0       1091   gpio.o
      3914        570        133          0         24      16043   gui_paint.o
         0          0     468742          0          0       1067   imagedata2.o
       214         10          0          0          0       2052   main.o
       204         20          0          0         88       1717   spi.o
        64         26        392          0      16384        824   startup_stm32f407xx.o
       212         36          0          9          0       9489   stm32f4xx_hal.o
       272         22          0          0          0      33826   stm32f4xx_hal_cortex.o
       528         46          0          0          0       2831   stm32f4xx_hal_gpio.o
        72          4          0          0          0        878   stm32f4xx_hal_msp.o
      1790         66          0          0          0       5611   stm32f4xx_hal_rcc.o
       954         14          0          0          0       4406   stm32f4xx_hal_spi.o
        38          0          0          0          0       4330   stm32f4xx_it.o
        20          6         24          4          0       1163   system_stm32f4xx.o

    ----------------------------------------------------------------------
     10472       1056     477988         48      16496     754873   Object Totals
         0          0         32          0          0          0   (incl. Generated)
        14          0          3          3          0          0   (incl. Padding)

    ----------------------------------------------------------------------

      Code (inc. data)   RO Data    RW Data    ZI Data      Debug   Library Member Name

         8          0          0          0          0         68   __main.o
       104          0          0          0          0         84   __printf.o
         0          0          0          0          0          0   __rtentry.o
        12          0          0          0          0          0   __rtentry2.o
         6          0          0          0          0          0   __rtentry4.o
        52          8          0          0          0          0   __scatter.o
        26          0          0          0          0          0   __scatter_copy.o
        28          0          0          0          0          0   __scatter_zi.o
        48          6          0          0          0         96   _printf_char_common.o
        36          4          0          0          0         80   _printf_char_file.o
         6          0          0          0          0          0   _printf_d.o
       120         16          0          0          0         92   _printf_dec.o
       178          0          0          0          0         88   _printf_intcommon.o
         0          0          0          0          0          0   _printf_percent.o
         4          0          0          0          0          0   _printf_percent_end.o
        10          0          0          0          0         68   defsig_exit.o
        50          0          0          0          0         88   defsig_general.o
        80         58          0          0          0         76   defsig_rtmem_inner.o
        14          0          0          0          0         80   defsig_rtmem_outer.o
        52         38          0          0          0         76   defsig_rtred_inner.o
        14          0          0          0          0         80   defsig_rtred_outer.o
        18          0          0          0          0         80   exit.o
        76          0          0          0          0         88   fclose.o
         8          0          0          0          0         68   ferror.o
       470          0          0          0          0         88   flsbuf.o
       236          4          0          0          0        128   fopen.o
        26          0          0          0          0         68   fputc.o
       248          6          0          0          0         84   fseek.o
        66          0          0          0          0         76   ftell.o
        94          0          0          0          0         80   h1_alloc.o
        52          0          0          0          0         68   h1_extend.o
        78          0          0          0          0         80   h1_free.o
        14          0          0          0          0         84   h1_init.o
         6          0          0          0          0        152   heapauxi.o
         4          0          0          0          0        136   hguard.o
         0          0          0          0          0          0   indicate_semi.o
       138          0          0          0          0        168   init_alloc.o
       312         46          0          0          0        112   initio.o
         2          0          0          0          0          0   libinit.o
        18          0          0          0          0          0   libinit2.o
         2          0          0          0          0          0   libshutdown.o
         6          0          0          0          0          0   libshutdown2.o
         8          4          0          0         96         68   libspace.o
       238          0          0          0          0        100   lludivv7m.o
         0          0          0          0          0          0   maybetermalloc1.o
        24          4          0          0          0         84   noretval__2printf.o
         8          4          0          0          0         68   rt_errno_addr_intlibspace.o
         8          4          0          0          0         68   rt_heap_descriptor_intlibspace.o
        78          0          0          0          0         80   rt_memclr_w.o
         2          0          0          0          0          0   rtexit.o
        10          0          0          0          0          0   rtexit2.o
        70          0          0          0          0         80   setvbuf.o
       240          6          0          0          0        156   stdio.o
         0          0          0         12        252          0   stdio_streams.o
        62          0          0          0          0         76   strlen.o
        12          4          0          0          0         68   sys_exit.o
       102          0         12          0          0        240   sys_io.o
        74          0          0          0          0         80   sys_stackheap_outer.o
        14          0          0          0          0         76   sys_wrch.o
         2          0          0          0          0         68   use_no_semi.o
        10          0          0          0          0        116   fpinit.o

    ----------------------------------------------------------------------
      3696        212         12         12        348       3964   Library Totals
        12          0          0          0          0          0   (incl. Padding)

    ----------------------------------------------------------------------

      Code (inc. data)   RO Data    RW Data    ZI Data      Debug   Library Name

      3674        212         12         12        348       3848   c_w.l
        10          0          0          0          0        116   fz_wm.l

    ----------------------------------------------------------------------
      3696        212         12         12        348       3964   Library Totals

    ----------------------------------------------------------------------

==============================================================================


      Code (inc. data)   RO Data    RW Data    ZI Data      Debug   

     14168       1268     478000         60      16844     750509   Grand Totals
     14168       1268     478000         60      16844     750509   ELF Image Totals
     14168       1268     478000         60          0          0   ROM Totals

==============================================================================

    Total RO  Size (Code + RO Data)               492168 ( 480.63kB)
    Total RW  Size (RW Data + ZI Data)             16904 (  16.51kB)
    Total ROM Size (Code + RO Data + RW Data)     492228 ( 480.69kB)

==============================================================================

